<html>
<body>
<pre>
<h1>µVision Build Log</h1>
<h2>Tool Versions:</h2>
IDE-Version: ¦ÌVision V5.14.0.0
Copyright (C) 2015 ARM Ltd and ARM Germany GmbH. All rights reserved.
License Information: chen chen, san, LIC=----
 
Tool Versions:
Toolchain:       MDK-Lite  Version: 5.14.0.0
Toolchain Path:  D:\QianRuShi\MDK\ARM\ARMCC\Bin
C Compiler:      Armcc.exe V5.05 update 1 (build 106)
Assembler:       Armasm.exe V5.05 update 1 (build 106)
Linker/Locator:  ArmLink.exe V5.05 update 1 (build 106)
Library Manager: ArmAr.exe V5.05 update 1 (build 106)
Hex Converter:   FromElf.exe V5.05 update 1 (build 106)
CPU DLL:         SARMCM3.DLL V5.14.0.0
Dialog DLL:      DCM.DLL V1.13.1.0
Target DLL:      UL2CM3.DLL V1.155.0.0
Dialog DLL:      TCM.DLL V1.14.4.0
 
<h2>Project:</h2>
D:\20220865206\iot\SmartIOTDevices\USER\STM32TestRelay\STM32TestRelay.uvprojx
Project File Date:  12/19/2025

<h2>Output:</h2>
Rebuild target 'STM32'
compiling core_cm3.c...
compiling main.c...
..\..\IOTLIB\inc\l9110_fan.h(18): warning:  #1-D: last line of file ends without a newline
  #endif
..\..\IOTLIB\inc\ec_sensor.h(30): warning:  #1-D: last line of file ends without a newline
  #endif /* __EC_SENSOR_H */
main.c(61): warning:  #223-D: function "ESP8266_SendCmd" declared implicitly
        if(ESP8266_SendCmd("AT+CIPSTATUS\r\n", "CONNECT"))
main.c(125): warning:  #1-D: last line of file ends without a newline
  }
main.c: 4 warnings, 0 errors
compiling stm32f10x_it.c...
compiling system_stm32f10x.c...
compiling delay.c...
compiling dht11.c...
compiling misc.c...
compiling stm32f10x_adc.c...
compiling stm32f10x_bkp.c...
compiling stm32f10x_can.c...
compiling stm32f10x_cec.c...
compiling stm32f10x_crc.c...
compiling stm32f10x_dac.c...
compiling stm32f10x_dbgmcu.c...
compiling stm32f10x_dma.c...
compiling stm32f10x_exti.c...
compiling stm32f10x_flash.c...
compiling stm32f10x_fsmc.c...
compiling stm32f10x_gpio.c...
compiling stm32f10x_i2c.c...
compiling stm32f10x_iwdg.c...
compiling stm32f10x_pwr.c...
compiling stm32f10x_rcc.c...
compiling stm32f10x_rtc.c...
compiling stm32f10x_sdio.c...
compiling stm32f10x_spi.c...
compiling stm32f10x_tim.c...
compiling stm32f10x_usart.c...
compiling stm32f10x_wwdg.c...
compiling sys.c...
compiling usart.c...
..\..\IOTLIB\src\usart.c(115): warning:  #177-D: variable "res" was declared but never referenced
        u8 res;
..\..\IOTLIB\src\usart.c: 1 warning, 0 errors
compiling relay.c...
compiling l9110_fan.c...
..\..\IOTLIB\inc\l9110_fan.h(18): warning:  #1-D: last line of file ends without a newline
  #endif
..\..\IOTLIB\src\l9110_fan.c(36): warning:  #1-D: last line of file ends without a newline
  }
..\..\IOTLIB\src\l9110_fan.c: 2 warnings, 0 errors
compiling WS2812B.c...
compiling ds18b20.c...
compiling ec_sensor.c...
..\..\IOTLIB\inc\ec_sensor.h(30): warning:  #1-D: last line of file ends without a newline
  #endif /* __EC_SENSOR_H */
..\..\IOTLIB\inc\ec_adc.h(24): warning:  #1-D: last line of file ends without a newline
  #endif /* __EC_ADC_H */
..\..\IOTLIB\src\ec_sensor.c(123): warning:  #1-D: last line of file ends without a newline
  }
..\..\IOTLIB\src\ec_sensor.c: 3 warnings, 0 errors
compiling ec_adc.c...
..\..\IOTLIB\inc\ec_adc.h(24): warning:  #1-D: last line of file ends without a newline
  #endif /* __EC_ADC_H */
..\..\IOTLIB\src\ec_adc.c(143): warning:  #1-D: last line of file ends without a newline
  }
..\..\IOTLIB\src\ec_adc.c: 2 warnings, 0 errors
compiling bh1750.c...
compiling IIC.c...
compiling esp8266.c...
assembling startup_stm32f10x_md.s...
linking...
Program Size: Code=17558 RO-data=970 RW-data=84 ZI-data=1916  
FromELF: creating hex file...
".\Objects\STM32TestRelay.axf" - 0 Error(s), 12 Warning(s).

<h2>Collection of Component include folders:</h2>
  D:\20220865206\iot\SmartIOTDevices\USER\STM32TestRelay\RTE
  D:\QianRuShi\MDK\ARM\PACK\Keil\STM32F1xx_DFP\1.0.5\Device\Include

<h2>Collection of Component Files used:</h2>
</pre>
</body>
</html>
