Component: ARM Compiler 5.05 update 1 (build 106) Tool: armlink [4d0efa]

==============================================================================

Section Cross References

    main.o(i.Build_HTTP_GET_Data) refers to _printf_percent.o(.ARM.Collect$$_printf_percent$$00000000) for _printf_percent
    main.o(i.Build_HTTP_GET_Data) refers to _printf_s.o(.ARM.Collect$$_printf_percent$$00000014) for _printf_s
    main.o(i.Build_HTTP_GET_Data) refers to _printf_str.o(.text) for _printf_str
    main.o(i.Build_HTTP_GET_Data) refers to __2sprintf.o(.text) for __2sprintf
    main.o(i.Build_HTTP_POST_Data) refers to _printf_percent.o(.ARM.Collect$$_printf_percent$$00000000) for _printf_percent
    main.o(i.Build_HTTP_POST_Data) refers to _printf_d.o(.ARM.Collect$$_printf_percent$$00000009) for _printf_d
    main.o(i.Build_HTTP_POST_Data) refers to _printf_f.o(.ARM.Collect$$_printf_percent$$00000003) for _printf_f
    main.o(i.Build_HTTP_POST_Data) refers to _printf_dec.o(.text) for _printf_int_dec
    main.o(i.Build_HTTP_POST_Data) refers to printf1.o(x$fpl$printf1) for _printf_fp_dec
    main.o(i.Build_HTTP_POST_Data) refers to _printf_s.o(.ARM.Collect$$_printf_percent$$00000014) for _printf_s
    main.o(i.Build_HTTP_POST_Data) refers to _printf_str.o(.text) for _printf_str
    main.o(i.Build_HTTP_POST_Data) refers to rt_memclr_w.o(.text) for __aeabi_memclr4
    main.o(i.Build_HTTP_POST_Data) refers to f2d.o(x$fpl$f2d) for __aeabi_f2d
    main.o(i.Build_HTTP_POST_Data) refers to __2sprintf.o(.text) for __2sprintf
    main.o(i.Build_HTTP_POST_Data) refers to strlen.o(.text) for strlen
    main.o(i.Build_HTTP_POST_Data) refers to main.o(.data) for temp_value
    main.o(i.Build_HTTP_POST_Data) refers to main.o(.conststring) for .conststring
    main.o(i.ESP8266_Check_Conn) refers to esp8266.o(i.ESP8266_Clear) for ESP8266_Clear
    main.o(i.ESP8266_Check_Conn) refers to esp8266.o(i.ESP8266_SendCmd) for ESP8266_SendCmd
    main.o(i.ESP8266_Check_Conn) refers to usart.o(i.USART1_printf) for USART1_printf
    main.o(i.ESP8266_Check_Conn) refers to esp8266.o(i.ESP8266_Init) for ESP8266_Init
    main.o(i.ESP8266_Send_GET_Request) refers to esp8266.o(i.ESP8266_Clear) for ESP8266_Clear
    main.o(i.ESP8266_Send_GET_Request) refers to main.o(i.ESP8266_Check_Conn) for ESP8266_Check_Conn
    main.o(i.ESP8266_Send_GET_Request) refers to usart.o(i.USART1_printf) for USART1_printf
    main.o(i.ESP8266_Send_GET_Request) refers to strlen.o(.text) for strlen
    main.o(i.ESP8266_Send_GET_Request) refers to usart.o(i.Usart_SendString) for Usart_SendString
    main.o(i.ESP8266_Send_GET_Request) refers to delay.o(i.delay_ms) for delay_ms
    main.o(i.ESP8266_Send_GET_Request) refers to esp8266.o(i.ESP8266_ReceiveData) for ESP8266_ReceiveData
    main.o(i.Execute_Relay_Control) refers to ws2812b.o(i.WS2812B_All_White) for WS2812B_All_White
    main.o(i.Execute_Relay_Control) refers to ws2812b.o(i.WS2812B_RefreshPixel) for WS2812B_RefreshPixel
    main.o(i.Execute_Relay_Control) refers to relay.o(i.RELAY_1) for RELAY_1
    main.o(i.Execute_Relay_Control) refers to relay.o(i.RELAY_2) for RELAY_2
    main.o(i.Execute_Relay_Control) refers to relay.o(i.RELAY_3) for RELAY_3
    main.o(i.Execute_Relay_Control) refers to relay.o(i.RELAY_4) for RELAY_4
    main.o(i.Execute_Relay_Control) refers to l9110_fan.o(i.L9110_Fan_Reverse) for L9110_Fan_Reverse
    main.o(i.Execute_Relay_Control) refers to relay.o(i.RELAY_5) for RELAY_5
    main.o(i.Execute_Relay_Control) refers to usart.o(i.USART1_printf) for USART1_printf
    main.o(i.Execute_Relay_Control) refers to main.o(.data) for relay_target_state
    main.o(i.Parse_Relay_State) refers to strstr.o(.text) for strstr
    main.o(i.Parse_Relay_State) refers to atoi.o(.text) for atoi
    main.o(i.Parse_Relay_State) refers to usart.o(i.USART1_printf) for USART1_printf
    main.o(i.Parse_Relay_State) refers to main.o(.data) for relay_target_state
    main.o(i.Parse_Relay_State) refers to main.o(.conststring) for .conststring
    main.o(i.System_Clock_Init) refers to stm32f10x_rcc.o(i.RCC_APB2PeriphClockCmd) for RCC_APB2PeriphClockCmd
    main.o(i.System_Clock_Init) refers to stm32f10x_rcc.o(i.RCC_APB1PeriphClockCmd) for RCC_APB1PeriphClockCmd
    main.o(i.main) refers to rt_memclr_w.o(.text) for __aeabi_memclr4
    main.o(i.main) refers to main.o(i.System_Clock_Init) for System_Clock_Init
    main.o(i.main) refers to usart.o(i.USART1_Init) for USART1_Init
    main.o(i.main) refers to stm32f10x_usart.o(i.USART_ClearFlag) for USART_ClearFlag
    main.o(i.main) refers to ec_sensor.o(i.EC_Sensor_Init) for EC_Sensor_Init
    main.o(i.main) refers to ds18b20.o(i.DS18B20_Init) for DS18B20_Init
    main.o(i.main) refers to relay.o(i.RELAY_Init) for RELAY_Init
    main.o(i.main) refers to l9110_fan.o(i.L9110_Fan_Init) for L9110_Fan_Init
    main.o(i.main) refers to ws2812b.o(i.WS2812B_Init) for WS2812B_Init
    main.o(i.main) refers to bh1750.o(i.BH1750_Init) for BH1750_Init
[...]
    i.USART_ITConfig                         0x0800379a   Section        0  stm32f10x_usart.o(i.USART_ITConfig)
    i.USART_Init                             0x080037e4   Section        0  stm32f10x_usart.o(i.USART_Init)
    i.USART_ReceiveData                      0x080038bc   Section        0  stm32f10x_usart.o(i.USART_ReceiveData)
    i.USART_SendData                         0x080038c6   Section        0  stm32f10x_usart.o(i.USART_SendData)
    i.UsageFault_Handler                     0x080038ce   Section        0  stm32f10x_it.o(i.UsageFault_Handler)
    i.Usart_SendString                       0x080038d2   Section        0  usart.o(i.Usart_SendString)
    i.WS2812B_All_White                      0x08003904   Section        0  ws2812b.o(i.WS2812B_All_White)
    i.WS2812B_FillColor                      0x08003924   Section        0  ws2812b.o(i.WS2812B_FillColor)
    i.WS2812B_Init                           0x08003964   Section        0  ws2812b.o(i.WS2812B_Init)
    i.WS2812B_RefreshPixel                   0x08003998   Section        0  ws2812b.o(i.WS2812B_RefreshPixel)
    i.WS2812B_Reset                          0x080039bc   Section        0  ws2812b.o(i.WS2812B_Reset)
    i.WS2812B_WriteByte                      0x080039d4   Section        0  ws2812b.o(i.WS2812B_WriteByte)
    i.WS2812B_WriteColor                     0x08003e62   Section        0  ws2812b.o(i.WS2812B_WriteColor)
    i.__ARM_fpclassify                       0x08003e7a   Section        0  fpclassify.o(i.__ARM_fpclassify)
    i._is_digit                              0x08003ea2   Section        0  __printf_wp.o(i._is_digit)
    i._sys_exit                              0x08003eb0   Section        0  usart.o(i._sys_exit)
    i.delay_ms                               0x08003eb4   Section        0  delay.o(i.delay_ms)
    i.delay_us                               0x08003ece   Section        0  delay.o(i.delay_us)
    i.main                                   0x08003efc   Section        0  main.o(i.main)
    locale$$code                             0x08004234   Section       44  lc_numeric_c.o(locale$$code)
    locale$$code                             0x08004260   Section       44  lc_ctype_c.o(locale$$code)
    x$fpl$d2f                                0x0800428c   Section       98  d2f.o(x$fpl$d2f)
    x$fpl$dadd                               0x080042f0   Section      336  daddsub_clz.o(x$fpl$dadd)
    _dadd1                                   0x08004301   Thumb Code     0  daddsub_clz.o(x$fpl$dadd)
    x$fpl$ddiv                               0x08004440   Section      688  ddiv.o(x$fpl$ddiv)
    ddiv_entry                               0x08004447   Thumb Code     0  ddiv.o(x$fpl$ddiv)
    x$fpl$dflt                               0x080046f0   Section       46  dflt_clz.o(x$fpl$dflt)
    x$fpl$dfltu                              0x0800471e   Section       38  dflt_clz.o(x$fpl$dfltu)
    x$fpl$dmul                               0x08004744   Section      340  dmul.o(x$fpl$dmul)
    x$fpl$dnaninf                            0x08004898   Section      156  dnaninf.o(x$fpl$dnaninf)
    x$fpl$dretinf                            0x08004934   Section       12  dretinf.o(x$fpl$dretinf)
    x$fpl$dsub                               0x08004940   Section      468  daddsub_clz.o(x$fpl$dsub)
    _dsub1                                   0x08004951   Thumb Code     0  daddsub_clz.o(x$fpl$dsub)
    x$fpl$f2d                                0x08004b14   Section       86  f2d.o(x$fpl$f2d)
    x$fpl$fadd                               0x08004b6c   Section      196  faddsub_clz.o(x$fpl$fadd)
    _fadd1                                   0x08004b7b   Thumb Code     0  faddsub_clz.o(x$fpl$fadd)
    x$fpl$fcmpinf                            0x08004c30   Section       24  fcmpi.o(x$fpl$fcmpinf)
    x$fpl$fdiv                               0x08004c48   Section      388  fdiv.o(x$fpl$fdiv)
    _fdiv1                                   0x08004c49   Thumb Code     0  fdiv.o(x$fpl$fdiv)
    x$fpl$ffixu                              0x08004dcc   Section       62  ffixu.o(x$fpl$ffixu)
    x$fpl$ffltu                              0x08004e0c   Section       38  fflt_clz.o(x$fpl$ffltu)
    x$fpl$fleqf                              0x08004e34   Section      104  fleqf.o(x$fpl$fleqf)
    x$fpl$fmul                               0x08004e9c   Section      258  fmul.o(x$fpl$fmul)
    x$fpl$fnaninf                            0x08004f9e   Section      140  fnaninf.o(x$fpl$fnaninf)
    x$fpl$fretinf                            0x0800502a   Section       10  fretinf.o(x$fpl$fretinf)
    x$fpl$frleqf                             0x08005034   Section       98  frleqf.o(x$fpl$frleqf)
    x$fpl$fsub                               0x08005098   Section      234  faddsub_clz.o(x$fpl$fsub)
    _fsub1                                   0x080050a7   Thumb Code     0  faddsub_clz.o(x$fpl$fsub)
    x$fpl$printf1                            0x08005182   Section        4  printf1.o(x$fpl$printf1)
    .constdata                               0x08005186   Section       17  __printf_flags_ss_wp.o(.constdata)
    x$fpl$usenofp                            0x08005186   Section        0  usenofp.o(x$fpl$usenofp)
    maptable                                 0x08005186   Data          17  __printf_flags_ss_wp.o(.constdata)
    .constdata                               0x08005198   Section        8  _printf_wctomb.o(.constdata)
    initial_mbstate                          0x08005198   Data           8  _printf_wctomb.o(.constdata)
    .constdata                               0x080051a0   Section       40  _printf_hex_int_ll_ptr.o(.constdata)
    uc_hextab                                0x080051a0   Data          20  _printf_hex_int_ll_ptr.o(.constdata)
    lc_hextab                                0x080051b4   Data          20  _printf_hex_int_ll_ptr.o(.constdata)
    .constdata                               0x080051c8   Section      148  bigflt0.o(.constdata)
    tenpwrs_x                                0x080051c8   Data          60  bigflt0.o(.constdata)
    tenpwrs_i                                0x08005204   Data          64  bigflt0.o(.constdata)
    .conststring                             0x0800525c   Section      266  main.o(.conststring)
    locale$$data                             0x08005388   Section       28  lc_numeric_c.o(locale$$data)
    __lcnum_c_name                           0x0800538c   Data           2  lc_numeric_c.o(locale$$data)
    __lcnum_c_start                          0x08005394   Data           0  lc_numeric_c.o(locale$$data)
    __lcnum_c_point                          0x080053a0   Data           0  lc_numeric_c.o(locale$$data)
    __lcnum_c_thousands                      0x080053a2   Data           0  lc_numeric_c.o(locale$$data)
    __lcnum_c_grouping                       0x080053a3   Data           0  lc_numeric_c.o(locale$$data)
    locale$$data                             0x080053a4   Section      272  lc_ctype_c.o(locale$$data)
    __lcnum_c_end                            0x080053a4   Data           0  lc_numeric_c.o(locale$$data)
    __lcctype_c_name                         0x080053a8   Data           2  lc_ctype_c.o(locale$$data)
    __lcctype_c_start                        0x080053b0   Data           0  lc_ctype_c.o(locale$$data)
    __lcctype_c_end                          0x080054b4   Data           0  lc_ctype_c.o(locale$$data)
    .data                                    0x20000000   Section       45  main.o(.data)
    .data                                    0x2000002d   Section        6  dht11.o(.data)
    .data                                    0x20000033   Section       20  stm32f10x_rcc.o(.data)
    APBAHBPrescTable                         0x20000033   Data          16  stm32f10x_rcc.o(.data)
    ADCPrescTable                            0x20000043   Data           4  stm32f10x_rcc.o(.data)
    .data                                    0x20000048   Section       12  usart.o(.data)
    .data                                    0x20000054   Section        4  ws2812b.o(.data)
    .data                                    0x20000058   Section        2  ec_adc.o(.data)
    .data                                    0x2000005a   Section        6  esp8266.o(.data)
    .bss                                     0x20000060   Section       90  ws2812b.o(.bss)
    .bss                                     0x200000bc   Section       28  ec_sensor.o(.bss)
    EC_Sensor                                0x200000bc   Data          28  ec_sensor.o(.bss)
    .bss                                     0x200000d8   Section      768  esp8266.o(.bss)
    .bss                                     0x200003d8   Section       96  libspace.o(.bss)
    HEAP                                     0x20000438   Section      512  startup_stm32f10x_md.o(HEAP)
    Heap_Mem                                 0x20000438   Data         512  startup_stm32f10x_md.o(HEAP)
    STACK                                    0x20000638   Section     1024  startup_stm32f10x_md.o(STACK)
    Stack_Mem                                0x20000638   Data        1024  startup_stm32f10x_md.o(STACK)
    __initial_sp                             0x20000a38   Data           0  startup_stm32f10x_md.o(STACK)

    Global Symbols

    Symbol Name                              Value     Ov Type        Size  Object(Section)

    BuildAttributes$$THM_ISAv4$P$D$K$B$S$PE$A:L22UL41UL21$X:L11$S22US41US21$IEEE1$IW$USESV6$~STKCKD$USESV7$~SHL$OTIME$ROPI$IEEEJ$EBA8$UX$STANDARDLIB$REQ8$PRES8$EABIv2 0x00000000   Number         0  anon$$obj.o ABSOLUTE
    __ARM_use_no_argv                        0x00000000   Number         0  main.o ABSOLUTE
    _printf_flags                            0x00000000   Number         0  printf_stubs.o ABSOLUTE
    _printf_return_value                     0x00000000   Number         0  printf_stubs.o ABSOLUTE
    _printf_sizespec                         0x00000000   Number         0  printf_stubs.o ABSOLUTE
    _printf_widthprec                        0x00000000   Number         0  printf_stubs.o ABSOLUTE
    __ARM_exceptions_init                     - Undefined Weak Reference
    __alloca_initialize                       - Undefined Weak Reference
    __arm_preinit_                            - Undefined Weak Reference
    __cpp_initialize__aeabi_                  - Undefined Weak Reference
    __cxa_finalize                            - Undefined Weak Reference
    __sigvec_lookup                           - Undefined Weak Reference
    _atexit_init                              - Undefined Weak Reference
    _call_atexit_fns                          - Undefined Weak Reference
    _clock_init                               - Undefined Weak Reference
    _fp_trap_init                             - Undefined Weak Reference
    _fp_trap_shutdown                         - Undefined Weak Reference
    _get_lc_collate                           - Undefined Weak Reference
    _get_lc_monetary                          - Undefined Weak Reference
    _get_lc_time                              - Undefined Weak Reference
    _getenv_init                              - Undefined Weak Reference
    _handle_redirection                       - Undefined Weak Reference
    _init_alloc                               - Undefined Weak Reference
    _init_user_alloc                          - Undefined Weak Reference
    _initio                                   - Undefined Weak Reference
    _printf_fp_hex                            - Undefined Weak Reference
    _printf_mbtowc                            - Undefined Weak Reference
    _printf_wc                                - Undefined Weak Reference
    _rand_init                                - Undefined Weak Reference
    _signal_finish                            - Undefined Weak Reference
    _signal_init                              - Undefined Weak Reference
    _terminate_alloc                          - Undefined Weak Reference
    _terminate_user_alloc                     - Undefined Weak Reference
    _terminateio                              - Undefined Weak Reference
    __Vectors_Size                           0x000000ec   Number         0  startup_stm32f10x_md.o ABSOLUTE
    __Vectors                                0x08000000   Data           4  startup_stm32f10x_md.o(RESET)
    __Vectors_End                            0x080000ec   Data           0  startup_stm32f10x_md.o(RESET)
    __main                                   0x080000ed   Thumb Code     8  __main.o(!!!main)
    __scatterload                            0x080000f5   Thumb Code     0  __scatter.o(!!!scatter)
    __scatterload_rt2                        0x080000f5   Thumb Code    44  __scatter.o(!!!scatter)
    __scatterload_rt2_thumb_only             0x080000f5   Thumb Code     0  __scatter.o(!!!scatter)
    __scatterload_null                       0x08000103   Thumb Code     0  __scatter.o(!!!scatter)
    __scatterload_copy                       0x08000129   Thumb Code    26  __scatter_copy.o(!!handler_copy)
    __scatterload_zeroinit                   0x08000145   Thumb Code    28  __scatter_zi.o(!!handler_zi)
    _printf_n                                0x08000161   Thumb Code     0  _printf_n.o(.ARM.Collect$$_printf_percent$$00000001)
    _printf_percent                          0x08000161   Thumb Code     0  _printf_percent.o(.ARM.Collect$$_printf_percent$$00000000)
    _printf_p                                0x08000167   Thumb Code     0  _printf_p.o(.ARM.Collect$$_printf_percent$$00000002)
    _printf_f                                0x0800016d   Thumb Code     0  _printf_f.o(.ARM.Collect$$_printf_percent$$00000003)
    _printf_e                                0x08000173   Thumb Code     0  _printf_e.o(.ARM.Collect$$_printf_percent$$00000004)
    _printf_g                                0x08000179   Thumb Code     0  _printf_g.o(.ARM.Collect$$_printf_percent$$00000005)
    _printf_a                                0x0800017f   Thumb Code     0  _printf_a.o(.ARM.Collect$$_printf_percent$$00000006)
    _printf_ll                               0x08000185   Thumb Code     0  _printf_ll.o(.ARM.Collect$$_printf_percent$$00000007)
    _printf_i                                0x0800018f   Thumb Code     0  _printf_i.o(.ARM.Collect$$_printf_percent$$00000008)
    _printf_d                                0x08000195   Thumb Code     0  _printf_d.o(.ARM.Collect$$_printf_percent$$00000009)
    _printf_u                                0x0800019b   Thumb Code     0  _printf_u.o(.ARM.Collect$$_printf_percent$$0000000A)
    _printf_o                                0x080001a1   Thumb Code     0  _printf_o.o(.ARM.Collect$$_printf_percent$$0000000B)
    _printf_x                                0x080001a7   Thumb Code     0  _printf_x.o(.ARM.Collect$$_printf_percent$$0000000C)
    _printf_lli                              0x080001ad   Thumb Code     0  _printf_lli.o(.ARM.Collect$$_printf_percent$$0000000D)
    _printf_lld                              0x080001b3   Thumb Code     0  _printf_lld.o(.ARM.Collect$$_printf_percent$$0000000E)
    _printf_llu                              0x080001b9   Thumb Code     0  _printf_llu.o(.ARM.Collect$$_printf_percent$$0000000F)
    _printf_llo                              0x080001bf   Thumb Code     0  _printf_llo.o(.ARM.Collect$$_printf_percent$$00000010)
    _printf_llx                              0x080001c5   Thumb Code     0  _printf_llx.o(.ARM.Collect$$_printf_percent$$00000011)
    _printf_l                                0x080001cb   Thumb Code     0  _printf_l.o(.ARM.Collect$$_printf_percent$$00000012)
    _printf_c                                0x080001d5   Thumb Code     0  _printf_c.o(.ARM.Collect$$_printf_percent$$00000013)
    _printf_s                                0x080001db   Thumb Code     0  _printf_s.o(.ARM.Collect$$_printf_percent$$00000014)
    _printf_lc                               0x080001e1   Thumb Code     0  _printf_lc.o(.ARM.Collect$$_printf_percent$$00000015)
    _printf_ls                               0x080001e7   Thumb Code     0  _printf_ls.o(.ARM.Collect$$_printf_percent$$00000016)
    _printf_percent_end                      0x080001ed   Thumb Code     0  _printf_percent_end.o(.ARM.Collect$$_printf_percent$$00000017)
    __rt_lib_init                            0x080001f1   Thumb Code     0  libinit.o(.ARM.Collect$$libinit$$00000000)
    __rt_lib_init_fp_1                       0x080001f3   Thumb Code     0  libinit2.o(.ARM.Collect$$libinit$$00000002)
    __rt_lib_init_heap_1                     0x080001f3   Thumb Code     0  libinit2.o(.ARM.Collect$$libinit$$0000000A)
    __rt_lib_init_lc_common                  0x080001f3   Thumb Code     0  libinit2.o(.ARM.Collect$$libinit$$0000000F)
    __rt_lib_init_preinit_1                  0x080001f3   Thumb Code     0  libinit2.o(.ARM.Collect$$libinit$$00000004)
    __rt_lib_init_rand_1                     0x080001f3   Thumb Code     0  libinit2.o(.ARM.Collect$$libinit$$0000000E)
    __rt_lib_init_user_alloc_1               0x080001f3   Thumb Code     0  libinit2.o(.ARM.Collect$$libinit$$0000000C)
    __rt_lib_init_lc_collate_1               0x080001f9   Thumb Code     0  libinit2.o(.ARM.Collect$$libinit$$00000011)
    __rt_lib_init_lc_ctype_2                 0x080001f9   Thumb Code     0  libinit2.o(.ARM.Collect$$libinit$$00000012)
    __rt_lib_init_lc_ctype_1                 0x08000205   Thumb Code     0  libinit2.o(.ARM.Collect$$libinit$$00000013)
    __rt_lib_init_lc_monetary_1              0x08000205   Thumb Code     0  libinit2.o(.ARM.Collect$$libinit$$00000015)
    __rt_lib_init_lc_numeric_2               0x08000205   Thumb Code     0  libinit2.o(.ARM.Collect$$libinit$$00000016)
    __rt_lib_init_alloca_1                   0x0800020f   Thumb Code     0  libinit2.o(.ARM.Collect$$libinit$$0000002E)
    __rt_lib_init_argv_1                     0x0800020f   Thumb Code     0  libinit2.o(.ARM.Collect$$libinit$$0000002C)
    __rt_lib_init_atexit_1                   0x0800020f   Thumb Code     0  libinit2.o(.ARM.Collect$$libinit$$0000001B)
    __rt_lib_init_clock_1                    0x0800020f   Thumb Code     0  libinit2.o(.ARM.Collect$$libinit$$00000021)
    __rt_lib_init_cpp_1                      0x0800020f   Thumb Code     0  libinit2.o(.ARM.Collect$$libinit$$00000032)
    __rt_lib_init_exceptions_1               0x0800020f   Thumb Code     0  libinit2.o(.ARM.Collect$$libinit$$00000030)
    __rt_lib_init_fp_trap_1                  0x0800020f   Thumb Code     0  libinit2.o(.ARM.Collect$$libinit$$0000001F)
    __rt_lib_init_getenv_1                   0x0800020f   Thumb Code     0  libinit2.o(.ARM.Collect$$libinit$$00000023)
    __rt_lib_init_lc_numeric_1               0x0800020f   Thumb Code     0  libinit2.o(.ARM.Collect$$libinit$$00000017)
    __rt_lib_init_lc_time_1                  0x0800020f   Thumb Code     0  libinit2.o(.ARM.Collect$$libinit$$00000019)
    __rt_lib_init_return                     0x0800020f   Thumb Code     0  libinit2.o(.ARM.Collect$$libinit$$00000033)
    __rt_lib_init_signal_1                   0x0800020f   Thumb Code     0  libinit2.o(.ARM.Collect$$libinit$$0000001D)
    __rt_lib_init_stdio_1                    0x0800020f   Thumb Code     0  libinit2.o(.ARM.Collect$$libinit$$00000025)
    __rt_lib_shutdown                        0x08000211   Thumb Code     0  libshutdown.o(.ARM.Collect$$libshutdown$$00000000)
    __rt_lib_shutdown_fp_trap_1              0x08000213   Thumb Code     0  libshutdown2.o(.ARM.Collect$$libshutdown$$00000006)
    __rt_lib_shutdown_heap_1                 0x08000213   Thumb Code     0  libshutdown2.o(.ARM.Collect$$libshutdown$$0000000E)
    __rt_lib_shutdown_return                 0x08000213   Thumb Code     0  libshutdown2.o(.ARM.Collect$$libshutdown$$0000000F)
    __rt_lib_shutdown_signal_1               0x08000213   Thumb Code     0  libshutdown2.o(.ARM.Collect$$libshutdown$$00000009)
    __rt_lib_shutdown_stdio_1                0x08000213   Thumb Code     0  libshutdown2.o(.ARM.Collect$$libshutdown$$00000003)
    __rt_lib_shutdown_user_alloc_1           0x08000213   Thumb Code     0  libshutdown2.o(.ARM.Collect$$libshutdown$$0000000B)
    __rt_entry                               0x08000215   Thumb Code     0  __rtentry.o(.ARM.Collect$$rtentry$$00000000)
    __rt_entry_presh_1                       0x08000215   Thumb Code     0  __rtentry2.o(.ARM.Collect$$rtentry$$00000002)
    __rt_entry_sh                            0x08000215   Thumb Code     0  __rtentry4.o(.ARM.Collect$$rtentry$$00000004)
    __rt_entry_li                            0x0800021b   Thumb Code     0  __rtentry2.o(.ARM.Collect$$rtentry$$0000000A)
    __rt_entry_postsh_1                      0x0800021b   Thumb Code     0  __rtentry2.o(.ARM.Collect$$rtentry$$00000009)
    __rt_entry_main                          0x0800021f   Thumb Code     0  __rtentry2.o(.ARM.Collect$$rtentry$$0000000D)
    __rt_entry_postli_1                      0x0800021f   Thumb Code     0  __rtentry2.o(.ARM.Collect$$rtentry$$0000000C)
    __rt_exit                                0x08000227   Thumb Code     0  rtexit.o(.ARM.Collect$$rtexit$$00000000)
    __rt_exit_ls                             0x08000229   Thumb Code     0  rtexit2.o(.ARM.Collect$$rtexit$$00000003)
    __rt_exit_prels_1                        0x08000229   Thumb Code     0  rtexit2.o(.ARM.Collect$$rtexit$$00000002)
    __rt_exit_exit                           0x0800022d   Thumb Code     0  rtexit2.o(.ARM.Collect$$rtexit$$00000004)
    Reset_Handler                            0x08000235   Thumb Code     8  startup_stm32f10x_md.o(.text)
    ADC1_2_IRQHandler                        0x0800024f   Thumb Code     0  startup_stm32f10x_md.o(.text)
    CAN1_RX1_IRQHandler                      0x0800024f   Thumb Code     0  startup_stm32f10x_md.o(.text)
    CAN1_SCE_IRQHandler                      0x0800024f   Thumb Code     0  startup_stm32f10x_md.o(.text)
    DMA1_Channel1_IRQHandler                 0x0800024f   Thumb Code     0  startup_stm32f10x_md.o(.text)
    DMA1_Channel2_IRQHandler                 0x0800024f   Thumb Code     0  startup_stm32f10x_md.o(.text)
    DMA1_Channel3_IRQHandler                 0x0800024f   Thumb Code     0  startup_stm32f10x_md.o(.text)
    DMA1_Channel4_IRQHandler                 0x0800024f   Thumb Code     0  startup_stm32f10x_md.o(.text)
    DMA1_Channel5_IRQHandler                 0x0800024f   Thumb Code     0  startup_stm32f10x_md.o(.text)
    DMA1_Channel6_IRQHandler                 0x0800024f   Thumb Code     0  startup_stm32f10x_md.o(.text)
    DMA1_Channel7_IRQHandler                 0x0800024f   Thumb Code     0  startup_stm32f10x_md.o(.text)
    EXTI0_IRQHandler                         0x0800024f   Thumb Code     0  startup_stm32f10x_md.o(.text)
    EXTI15_10_IRQHandler                     0x0800024f   Thumb Code     0  startup_stm32f10x_md.o(.text)
    EXTI1_IRQHandler                         0x0800024f   Thumb Code     0  startup_stm32f10x_md.o(.text)
    EXTI2_IRQHandler                         0x0800024f   Thumb Code     0  startup_stm32f10x_md.o(.text)
    EXTI3_IRQHandler                         0x0800024f   Thumb Code     0  startup_stm32f10x_md.o(.text)
    EXTI4_IRQHandler                         0x0800024f   Thumb Code     0  startup_stm32f10x_md.o(.text)
    EXTI9_5_IRQHandler                       0x0800024f   Thumb Code     0  startup_stm32f10x_md.o(.text)
    FLASH_IRQHandler                         0x0800024f   Thumb Code     0  startup_stm32f10x_md.o(.text)
    I2C1_ER_IRQHandler                       0x0800024f   Thumb Code     0  startup_stm32f10x_md.o(.text)
    I2C1_EV_IRQHandler                       0x0800024f   Thumb Code     0  startup_stm32f10x_md.o(.text)
    I2C2_ER_IRQHandler                       0x0800024f   Thumb Code     0  startup_stm32f10x_md.o(.text)
    I2C2_EV_IRQHandler                       0x0800024f   Thumb Code     0  startup_stm32f10x_md.o(.text)
    PVD_IRQHandler                           0x0800024f   Thumb Code     0  startup_stm32f10x_md.o(.text)
    RCC_IRQHandler                           0x0800024f   Thumb Code     0  startup_stm32f10x_md.o(.text)
    RTCAlarm_IRQHandler                      0x0800024f   Thumb Code     0  startup_stm32f10x_md.o(.text)
    RTC_IRQHandler                           0x0800024f   Thumb Code     0  startup_stm32f10x_md.o(.text)
    SPI1_IRQHandler                          0x0800024f   Thumb Code     0  startup_stm32f10x_md.o(.text)
    SPI2_IRQHandler                          0x0800024f   Thumb Code     0  startup_stm32f10x_md.o(.text)
    TAMPER_IRQHandler                        0x0800024f   Thumb Code     0  startup_stm32f10x_md.o(.text)
    TIM1_BRK_IRQHandler                      0x0800024f   Thumb Code     0  startup_stm32f10x_md.o(.text)
    TIM1_CC_IRQHandler                       0x0800024f   Thumb Code     0  startup_stm32f10x_md.o(.text)
    TIM1_TRG_COM_IRQHandler                  0x0800024f   Thumb Code     0  startup_stm32f10x_md.o(.text)
    TIM1_UP_IRQHandler                       0x0800024f   Thumb Code     0  startup_stm32f10x_md.o(.text)
    TIM2_IRQHandler                          0x0800024f   Thumb Code     0  startup_stm32f10x_md.o(.text)
    TIM3_IRQHandler                          0x0800024f   Thumb Code     0  startup_stm32f10x_md.o(.text)
    TIM4_IRQHandler                          0x0800024f   Thumb Code     0  startup_stm32f10x_md.o(.text)
    USART3_IRQHandler                        0x0800024f   Thumb Code     0  startup_stm32f10x_md.o(.text)
    USBWakeUp_IRQHandler                     0x0800024f   Thumb Code     0  startup_stm32f10x_md.o(.text)
    USB_HP_CAN1_TX_IRQHandler                0x0800024f   Thumb Code     0  startup_stm32f10x_md.o(.text)
    USB_LP_CAN1_RX0_IRQHandler               0x0800024f   Thumb Code     0  startup_stm32f10x_md.o(.text)
    WWDG_IRQHandler                          0x0800024f   Thumb Code     0  startup_stm32f10x_md.o(.text)
    __user_initial_stackheap                 0x08000251   Thumb Code     0  startup_stm32f10x_md.o(.text)
    __use_no_semihosting                     0x08000275   Thumb Code     2  use_no_semi_2.o(.text)
    __c89vsnprintf                           0x08000279   Thumb Code    48  c89vsnprintf.o(.text)
    __2sprintf                               0x080002ad   Thumb Code    38  __2sprintf.o(.text)
    _printf_str                              0x080002d9   Thumb Code    82  _printf_str.o(.text)
    _printf_int_dec                          0x0800032d   Thumb Code   104  _printf_dec.o(.text)
    __printf                                 0x080003a5   Thumb Code   388  __printf_flags_ss_wp.o(.text)
    atoi                                     0x0800052d   Thumb Code    26  atoi.o(.text)
    strstr                                   0x08000547   Thumb Code    36  strstr.o(.text)
    strlen                                   0x0800056b   Thumb Code    62  strlen.o(.text)
    __aeabi_memclr                           0x080005a9   Thumb Code     0  rt_memclr.o(.text)
    __rt_memclr                              0x080005a9   Thumb Code    68  rt_memclr.o(.text)
    _memset                                  0x080005ad   Thumb Code     0  rt_memclr.o(.text)
    __aeabi_memclr4                          0x080005ed   Thumb Code     0  rt_memclr_w.o(.text)
    __aeabi_memclr8                          0x080005ed   Thumb Code     0  rt_memclr_w.o(.text)
    __rt_memclr_w                            0x080005ed   Thumb Code    78  rt_memclr_w.o(.text)
    _memset_w                                0x080005f1   Thumb Code     0  rt_memclr_w.o(.text)
    strncpy                                  0x0800063b   Thumb Code    86  strncpy.o(.text)
    __use_two_region_memory                  0x08000691   Thumb Code     2  heapauxi.o(.text)
    __rt_heap_escrow$2region                 0x08000693   Thumb Code     2  heapauxi.o(.text)
    __rt_heap_expand$2region                 0x08000695   Thumb Code     2  heapauxi.o(.text)
    __I$use$semihosting                      0x08000697   Thumb Code     0  use_no_semi.o(.text)
    __use_no_semihosting_swi                 0x08000697   Thumb Code     2  use_no_semi.o(.text)
    __aeabi_errno_addr                       0x08000699   Thumb Code     8  rt_errno_addr_intlibspace.o(.text)
    __errno$intlibspace                      0x08000699   Thumb Code     0  rt_errno_addr_intlibspace.o(.text)
    __rt_errno_addr$intlibspace              0x08000699   Thumb Code     0  rt_errno_addr_intlibspace.o(.text)
    _printf_pre_padding                      0x080006a1   Thumb Code    44  _printf_pad.o(.text)
    _printf_post_padding                     0x080006cd   Thumb Code    34  _printf_pad.o(.text)
    _printf_truncate_signed                  0x080006ef   Thumb Code    18  _printf_truncate.o(.text)
    _printf_truncate_unsigned                0x08000701   Thumb Code    18  _printf_truncate.o(.text)
    _printf_int_common                       0x08000713   Thumb Code   178  _printf_intcommon.o(.text)
    _printf_charcount                        0x080007c5   Thumb Code    40  _printf_charcount.o(.text)
    __lib_sel_fp_printf                      0x080007ed   Thumb Code     2  _printf_fp_dec.o(.text)
    _printf_fp_dec_real                      0x0800099b   Thumb Code   620  _printf_fp_dec.o(.text)
    _printf_char_common                      0x08000c13   Thumb Code    32  _printf_char_common.o(.text)
    _sputc                                   0x08000c39   Thumb Code    10  _sputc.o(.text)
    _snputc                                  0x08000c43   Thumb Code    16  _snputc.o(.text)
    _printf_cs_common                        0x08000c53   Thumb Code    20  _printf_char.o(.text)
    _printf_char                             0x08000c67   Thumb Code    16  _printf_char.o(.text)
    _printf_string                           0x08000c77   Thumb Code     8  _printf_char.o(.text)
    _printf_wctomb                           0x08000c81   Thumb Code   182  _printf_wctomb.o(.text)
    _printf_longlong_dec                     0x08000d3d   Thumb Code   108  _printf_longlong_dec.o(.text)
    _printf_longlong_oct                     0x08000db9   Thumb Code    68  _printf_oct_int_ll.o(.text)
    _printf_int_oct                          0x08000dfd   Thumb Code    24  _printf_oct_int_ll.o(.text)
    _printf_ll_oct                           0x08000e15   Thumb Code    12  _printf_oct_int_ll.o(.text)
    _printf_longlong_hex                     0x08000e29   Thumb Code    86  _printf_hex_int_ll_ptr.o(.text)
    _printf_int_hex                          0x08000e7f   Thumb Code    28  _printf_hex_int_ll_ptr.o(.text)
    _printf_ll_hex                           0x08000e9b   Thumb Code    12  _printf_hex_int_ll_ptr.o(.text)
    _printf_hex_ptr                          0x08000ea7   Thumb Code    18  _printf_hex_int_ll_ptr.o(.text)
    strtol                                   0x08000ebd   Thumb Code   112  strtol.o(.text)
    __user_libspace                          0x08000f2d   Thumb Code     8  libspace.o(.text)
    __user_perproc_libspace                  0x08000f2d   Thumb Code     0  libspace.o(.text)
    __user_perthread_libspace                0x08000f2d   Thumb Code     0  libspace.o(.text)
    __rt_ctype_table                         0x08000f35   Thumb Code    16  rt_ctype_table.o(.text)
    __rt_locale                              0x08000f45   Thumb Code     8  rt_locale_intlibspace.o(.text)
    _ll_udiv10                               0x08000f4d   Thumb Code   138  lludiv10.o(.text)
    _printf_fp_infnan                        0x08000fd9   Thumb Code   112  _printf_fp_infnan.o(.text)
    _printf_lcs_common                       0x08001059   Thumb Code    20  _printf_wchar.o(.text)
    _printf_wchar                            0x0800106d   Thumb Code    16  _printf_wchar.o(.text)
    _printf_wstring                          0x0800107d   Thumb Code     8  _printf_wchar.o(.text)
    _strtoul                                 0x08001085   Thumb Code   158  _strtoul.o(.text)
    _btod_etento                             0x08001125   Thumb Code   216  bigflt0.o(.text)
    _wcrtomb                                 0x08001201   Thumb Code    64  _wcrtomb.o(.text)
    __user_setup_stackheap                   0x08001241   Thumb Code    74  sys_stackheap_outer.o(.text)
    _chval                                   0x0800128b   Thumb Code    28  _chval.o(.text)
    exit                                     0x080012a7   Thumb Code    12  exit.o(.text)
    strcmp                                   0x080012b5   Thumb Code   128  strcmpv7m.o(.text)
    _btod_d2e                                0x08001335   Thumb Code    62  btod.o(CL$$btod_d2e)
    _d2e_denorm_low                          0x08001373   Thumb Code    70  btod.o(CL$$btod_d2e_denorm_low)
    _d2e_norm_op1                            0x080013b9   Thumb Code    96  btod.o(CL$$btod_d2e_norm_op1)
    __btod_div_common                        0x08001419   Thumb Code   696  btod.o(CL$$btod_div_common)
    _e2e                                     0x08001751   Thumb Code   198  btod.o(CL$$btod_e2e)
    _btod_ediv                               0x08001817   Thumb Code    40  btod.o(CL$$btod_ediv)
    _btod_emul                               0x0800183f   Thumb Code    40  btod.o(CL$$btod_emul)
    __btod_mult_common                       0x08001867   Thumb Code   580  btod.o(CL$$btod_mult_common)
    ADC_Cmd                                  0x08001aab   Thumb Code    22  stm32f10x_adc.o(i.ADC_Cmd)
    ADC_DMACmd                               0x08001ac1   Thumb Code    22  stm32f10x_adc.o(i.ADC_DMACmd)
    ADC_GetCalibrationStatus                 0x08001ad7   Thumb Code    20  stm32f10x_adc.o(i.ADC_GetCalibrationStatus)
    ADC_GetResetCalibrationStatus            0x08001aeb   Thumb Code    20  stm32f10x_adc.o(i.ADC_GetResetCalibrationStatus)
    ADC_Init                                 0x08001b01   Thumb Code    70  stm32f10x_adc.o(i.ADC_Init)
    ADC_RegularChannelConfig                 0x08001b51   Thumb Code   184  stm32f10x_adc.o(i.ADC_RegularChannelConfig)
    ADC_ResetCalibration                     0x08001c09   Thumb Code    10  stm32f10x_adc.o(i.ADC_ResetCalibration)
    ADC_SoftwareStartConvCmd                 0x08001c13   Thumb Code    22  stm32f10x_adc.o(i.ADC_SoftwareStartConvCmd)
    ADC_StartCalibration                     0x08001c29   Thumb Code    10  stm32f10x_adc.o(i.ADC_StartCalibration)
    BH1750_Init                              0x08001c33   Thumb Code    32  bh1750.o(i.BH1750_Init)
    BH1750_Power_OFF                         0x08001c53   Thumb Code    10  bh1750.o(i.BH1750_Power_OFF)
    BH1750_Power_ON                          0x08001c5d   Thumb Code    10  bh1750.o(i.BH1750_Power_ON)
    BH1750_RESET                             0x08001c67   Thumb Code    10  bh1750.o(i.BH1750_RESET)
    BH1750_Read_Data                         0x08001c71   Thumb Code    52  bh1750.o(i.BH1750_Read_Data)
    BH1750_WriteByte                         0x08001ca5   Thumb Code    46  bh1750.o(i.BH1750_WriteByte)
    Build_HTTP_GET_Data                      0x08001cd5   Thumb Code    18  main.o(i.Build_HTTP_GET_Data)
    Build_HTTP_POST_Data                     0x08001d55   Thumb Code   124  main.o(i.Build_HTTP_POST_Data)
    BusFault_Handler                         0x08001e05   Thumb Code     4  stm32f10x_it.o(i.BusFault_Handler)
    Copy_Color                               0x08001e09   Thumb Code    14  ws2812b.o(i.Copy_Color)
    DHT11_GPIO_IN                            0x08001e19   Thumb Code    32  dht11.o(i.DHT11_GPIO_IN)
    DHT11_GPIO_OUT                           0x08001e3d   Thumb Code    38  dht11.o(i.DHT11_GPIO_OUT)
    DHT_Read                                 0x08001e69   Thumb Code   186  dht11.o(i.DHT_Read)
    DHT_Read_Byte                            0x08001f31   Thumb Code   112  dht11.o(i.DHT_Read_Byte)
    DMA_Cmd                                  0x08001fa5   Thumb Code    24  stm32f10x_dma.o(i.DMA_Cmd)
    DMA_DeInit                               0x08001fbd   Thumb Code   324  stm32f10x_dma.o(i.DMA_DeInit)
    DMA_Init                                 0x08002109   Thumb Code    60  stm32f10x_dma.o(i.DMA_Init)
    DS18B20_Get_Temp                         0x0800217d   Thumb Code   136  ds18b20.o(i.DS18B20_Get_Temp)
    DS18B20_Init                             0x08002209   Thumb Code    16  ds18b20.o(i.DS18B20_Init)
    DS18B20_Read_Byte                        0x080022f5   Thumb Code    34  ds18b20.o(i.DS18B20_Read_Byte)
    DS18B20_Write_Byte                       0x08002349   Thumb Code    96  ds18b20.o(i.DS18B20_Write_Byte)
    DebugMon_Handler                         0x080023ad   Thumb Code     2  stm32f10x_it.o(i.DebugMon_Handler)
    EC_ADC_GetValue                          0x080023d5   Thumb Code     6  ec_adc.o(i.EC_ADC_GetValue)
    EC_ADC_Init                              0x080023e1   Thumb Code    12  ec_adc.o(i.EC_ADC_Init)
    EC_Sensor_GetECValue                     0x080024d9   Thumb Code     6  ec_sensor.o(i.EC_Sensor_GetECValue)
    EC_Sensor_Init                           0x080024e5   Thumb Code    32  ec_sensor.o(i.EC_Sensor_Init)
    EC_Sensor_Update                         0x0800250d   Thumb Code   208  ec_sensor.o(i.EC_Sensor_Update)
    ESP8266_Check_Conn                       0x080025fd   Thumb Code    34  main.o(i.ESP8266_Check_Conn)
    ESP8266_Clear                            0x08002661   Thumb Code    20  esp8266.o(i.ESP8266_Clear)
    ESP8266_Init                             0x0800267d   Thumb Code   216  esp8266.o(i.ESP8266_Init)
    ESP8266_ReceiveData                      0x08002845   Thumb Code   126  esp8266.o(i.ESP8266_ReceiveData)
    ESP8266_SendCmd                          0x080028d1   Thumb Code    88  esp8266.o(i.ESP8266_SendCmd)
    ESP8266_SendData                         0x08002959   Thumb Code    46  esp8266.o(i.ESP8266_SendData)
    ESP8266_Send_GET_Request                 0x080029a1   Thumb Code    80  main.o(i.ESP8266_Send_GET_Request)
    ESP8266_WaitRecive                       0x08002a19   Thumb Code    42  esp8266.o(i.ESP8266_WaitRecive)
    Execute_Relay_Control                    0x08002a4d   Thumb Code   120  main.o(i.Execute_Relay_Control)
    GPIO_Init                                0x08002ae5   Thumb Code   278  stm32f10x_gpio.o(i.GPIO_Init)
    GPIO_ReadInputDataBit                    0x08002bfb   Thumb Code    18  stm32f10x_gpio.o(i.GPIO_ReadInputDataBit)
    GPIO_ResetBits                           0x08002c0d   Thumb Code     4  stm32f10x_gpio.o(i.GPIO_ResetBits)
    GPIO_SetBits                             0x08002c11   Thumb Code     4  stm32f10x_gpio.o(i.GPIO_SetBits)
    GPIO_WriteBit                            0x08002c15   Thumb Code    10  stm32f10x_gpio.o(i.GPIO_WriteBit)
    HardFault_Handler                        0x08002c1f   Thumb Code     4  stm32f10x_it.o(i.HardFault_Handler)
    IIC_Ack                                  0x08002c25   Thumb Code    64  iic.o(i.IIC_Ack)
    IIC_Init                                 0x08002c71   Thumb Code    38  iic.o(i.IIC_Init)
    IIC_NAck                                 0x08002c9d   Thumb Code    66  iic.o(i.IIC_NAck)
    IIC_Read_Byte                            0x08002ced   Thumb Code    96  iic.o(i.IIC_Read_Byte)
    IIC_Send_Byte                            0x08002d59   Thumb Code    90  iic.o(i.IIC_Send_Byte)
    IIC_Start                                0x08002dc1   Thumb Code    64  iic.o(i.IIC_Start)
    IIC_Stop                                 0x08002e0d   Thumb Code    62  iic.o(i.IIC_Stop)
    IIC_Wait_Ack                             0x08002e59   Thumb Code    88  iic.o(i.IIC_Wait_Ack)
    L9110_Fan_Init                           0x08002ebd   Thumb Code    34  l9110_fan.o(i.L9110_Fan_Init)
    L9110_Fan_Reverse                        0x08002ee5   Thumb Code    20  l9110_fan.o(i.L9110_Fan_Reverse)
    L9110_Fan_Stop                           0x08002efd   Thumb Code    20  l9110_fan.o(i.L9110_Fan_Stop)
    Light_Intensity                          0x08002f15   Thumb Code    22  bh1750.o(i.Light_Intensity)
    MemManage_Handler                        0x08002f31   Thumb Code     4  stm32f10x_it.o(i.MemManage_Handler)
    NMI_Handler                              0x08002f35   Thumb Code     2  stm32f10x_it.o(i.NMI_Handler)
    NVIC_Init                                0x08002f39   Thumb Code   100  misc.o(i.NVIC_Init)
    NVIC_PriorityGroupConfig                 0x08002fa9   Thumb Code    10  misc.o(i.NVIC_PriorityGroupConfig)
    Parse_Relay_State                        0x08002fbd   Thumb Code   160  main.o(i.Parse_Relay_State)
    PendSV_Handler                           0x080030b9   Thumb Code     2  stm32f10x_it.o(i.PendSV_Handler)
    RCC_ADCCLKConfig                         0x080030bd   Thumb Code    18  stm32f10x_rcc.o(i.RCC_ADCCLKConfig)
    RCC_AHBPeriphClockCmd                    0x080030d5   Thumb Code    26  stm32f10x_rcc.o(i.RCC_AHBPeriphClockCmd)
    RCC_APB1PeriphClockCmd                   0x080030f5   Thumb Code    26  stm32f10x_rcc.o(i.RCC_APB1PeriphClockCmd)
    RCC_APB2PeriphClockCmd                   0x08003115   Thumb Code    26  stm32f10x_rcc.o(i.RCC_APB2PeriphClockCmd)
    RCC_GetClocksFreq                        0x08003135   Thumb Code   192  stm32f10x_rcc.o(i.RCC_GetClocksFreq)
    RELAY_1                                  0x08003209   Thumb Code    18  relay.o(i.RELAY_1)
    RELAY_2                                  0x08003221   Thumb Code    18  relay.o(i.RELAY_2)
    RELAY_3                                  0x08003239   Thumb Code    18  relay.o(i.RELAY_3)
    RELAY_4                                  0x08003251   Thumb Code    18  relay.o(i.RELAY_4)
    RELAY_5                                  0x08003269   Thumb Code    18  relay.o(i.RELAY_5)
    RELAY_Init                               0x08003281   Thumb Code   194  relay.o(i.RELAY_Init)
    SVC_Handler                              0x0800334d   Thumb Code     2  stm32f10x_it.o(i.SVC_Handler)
    SysTick_Handler                          0x08003439   Thumb Code     2  stm32f10x_it.o(i.SysTick_Handler)
    SystemInit                               0x0800343d   Thumb Code    78  system_stm32f10x.o(i.SystemInit)
    System_Clock_Init                        0x0800349d   Thumb Code    22  main.o(i.System_Clock_Init)
    USART1_IRQHandler                        0x080034b5   Thumb Code    52  usart.o(i.USART1_IRQHandler)
    USART1_Init                              0x080034f5   Thumb Code   150  usart.o(i.USART1_Init)
    USART1_printf                            0x08003595   Thumb Code    82  usart.o(i.USART1_printf)
    USART2_IRQHandler                        0x080035ed   Thumb Code    62  esp8266.o(i.USART2_IRQHandler)
    USART2_Init                              0x08003639   Thumb Code   162  usart.o(i.USART2_Init)
    USART_ClearFlag                          0x080036e5   Thumb Code    18  stm32f10x_usart.o(i.USART_ClearFlag)
    USART_ClearITPendingBit                  0x080036f7   Thumb Code    30  stm32f10x_usart.o(i.USART_ClearITPendingBit)
    USART_Cmd                                0x08003715   Thumb Code    24  stm32f10x_usart.o(i.USART_Cmd)
    USART_GetFlagStatus                      0x0800372d   Thumb Code    26  stm32f10x_usart.o(i.USART_GetFlagStatus)
    USART_GetITStatus                        0x08003747   Thumb Code    84  stm32f10x_usart.o(i.USART_GetITStatus)
    USART_ITConfig                           0x0800379b   Thumb Code    74  stm32f10x_usart.o(i.USART_ITConfig)
    USART_Init                               0x080037e5   Thumb Code   210  stm32f10x_usart.o(i.USART_Init)
    USART_ReceiveData                        0x080038bd   Thumb Code    10  stm32f10x_usart.o(i.USART_ReceiveData)
    USART_SendData                           0x080038c7   Thumb Code     8  stm32f10x_usart.o(i.USART_SendData)
    UsageFault_Handler                       0x080038cf   Thumb Code     4  stm32f10x_it.o(i.UsageFault_Handler)
    Usart_SendString                         0x080038d3   Thumb Code    50  usart.o(i.Usart_SendString)
    WS2812B_All_White                        0x08003905   Thumb Code    28  ws2812b.o(i.WS2812B_All_White)
    WS2812B_FillColor                        0x08003925   Thumb Code    60  ws2812b.o(i.WS2812B_FillColor)
    WS2812B_Init                             0x08003965   Thumb Code    46  ws2812b.o(i.WS2812B_Init)
    WS2812B_RefreshPixel                     0x08003999   Thumb Code    32  ws2812b.o(i.WS2812B_RefreshPixel)
    WS2812B_Reset                            0x080039bd   Thumb Code    20  ws2812b.o(i.WS2812B_Reset)
    WS2812B_WriteByte                        0x080039d5   Thumb Code  1166  ws2812b.o(i.WS2812B_WriteByte)
    WS2812B_WriteColor                       0x08003e63   Thumb Code    24  ws2812b.o(i.WS2812B_WriteColor)
    __ARM_fpclassify                         0x08003e7b   Thumb Code    40  fpclassify.o(i.__ARM_fpclassify)
    _is_digit                                0x08003ea3   Thumb Code    14  __printf_wp.o(i._is_digit)
    _sys_exit                                0x08003eb1   Thumb Code     4  usart.o(i._sys_exit)
    delay_ms                                 0x08003eb5   Thumb Code    26  delay.o(i.delay_ms)
    delay_us                                 0x08003ecf   Thumb Code    46  delay.o(i.delay_us)
    main                                     0x08003efd   Thumb Code   504  main.o(i.main)
    _get_lc_numeric                          0x08004235   Thumb Code    44  lc_numeric_c.o(locale$$code)
    _get_lc_ctype                            0x08004261   Thumb Code    44  lc_ctype_c.o(locale$$code)
    __aeabi_d2f                              0x0800428d   Thumb Code     0  d2f.o(x$fpl$d2f)
    _d2f                                     0x0800428d   Thumb Code    98  d2f.o(x$fpl$d2f)
    __aeabi_dadd                             0x080042f1   Thumb Code     0  daddsub_clz.o(x$fpl$dadd)
    _dadd                                    0x080042f1   Thumb Code   332  daddsub_clz.o(x$fpl$dadd)
    __aeabi_ddiv                             0x08004441   Thumb Code     0  ddiv.o(x$fpl$ddiv)
    _ddiv                                    0x08004441   Thumb Code   552  ddiv.o(x$fpl$ddiv)
    __aeabi_i2d                              0x080046f1   Thumb Code     0  dflt_clz.o(x$fpl$dflt)
    _dflt                                    0x080046f1   Thumb Code    46  dflt_clz.o(x$fpl$dflt)
    __aeabi_ui2d                             0x0800471f   Thumb Code     0  dflt_clz.o(x$fpl$dfltu)
    _dfltu                                   0x0800471f   Thumb Code    38  dflt_clz.o(x$fpl$dfltu)
    __aeabi_dmul                             0x08004745   Thumb Code     0  dmul.o(x$fpl$dmul)
    _dmul                                    0x08004745   Thumb Code   332  dmul.o(x$fpl$dmul)
    __fpl_dnaninf                            0x08004899   Thumb Code   156  dnaninf.o(x$fpl$dnaninf)
    __fpl_dretinf                            0x08004935   Thumb Code    12  dretinf.o(x$fpl$dretinf)
    __aeabi_dsub                             0x08004941   Thumb Code     0  daddsub_clz.o(x$fpl$dsub)
    _dsub                                    0x08004941   Thumb Code   464  daddsub_clz.o(x$fpl$dsub)
    __aeabi_f2d                              0x08004b15   Thumb Code     0  f2d.o(x$fpl$f2d)
    _f2d                                     0x08004b15   Thumb Code    86  f2d.o(x$fpl$f2d)
    __aeabi_fadd                             0x08004b6d   Thumb Code     0  faddsub_clz.o(x$fpl$fadd)
    _fadd                                    0x08004b6d   Thumb Code   196  faddsub_clz.o(x$fpl$fadd)
    __fpl_fcmp_Inf                           0x08004c31   Thumb Code    24  fcmpi.o(x$fpl$fcmpinf)
    __aeabi_fdiv                             0x08004c49   Thumb Code     0  fdiv.o(x$fpl$fdiv)
    _fdiv                                    0x08004c49   Thumb Code   384  fdiv.o(x$fpl$fdiv)
    __aeabi_f2uiz                            0x08004dcd   Thumb Code     0  ffixu.o(x$fpl$ffixu)
    _ffixu                                   0x08004dcd   Thumb Code    62  ffixu.o(x$fpl$ffixu)
    __aeabi_ui2f                             0x08004e0d   Thumb Code     0  fflt_clz.o(x$fpl$ffltu)
    _ffltu                                   0x08004e0d   Thumb Code    38  fflt_clz.o(x$fpl$ffltu)
    __aeabi_cfcmple                          0x08004e35   Thumb Code     0  fleqf.o(x$fpl$fleqf)
    _fcmple                                  0x08004e35   Thumb Code   104  fleqf.o(x$fpl$fleqf)
    __fpl_fcmple_InfNaN                      0x08004e87   Thumb Code     0  fleqf.o(x$fpl$fleqf)
    __aeabi_fmul                             0x08004e9d   Thumb Code     0  fmul.o(x$fpl$fmul)
    _fmul                                    0x08004e9d   Thumb Code   258  fmul.o(x$fpl$fmul)
    __fpl_fnaninf                            0x08004f9f   Thumb Code   140  fnaninf.o(x$fpl$fnaninf)
    __fpl_fretinf                            0x0800502b   Thumb Code    10  fretinf.o(x$fpl$fretinf)
    __aeabi_cfrcmple                         0x08005035   Thumb Code     0  frleqf.o(x$fpl$frleqf)
    _frcmple                                 0x08005035   Thumb Code    98  frleqf.o(x$fpl$frleqf)
    __aeabi_fsub                             0x08005099   Thumb Code     0  faddsub_clz.o(x$fpl$fsub)
    _fsub                                    0x08005099   Thumb Code   234  faddsub_clz.o(x$fpl$fsub)
    _printf_fp_dec                           0x08005183   Thumb Code     4  printf1.o(x$fpl$printf1)
    __I$use$fp                               0x08005186   Number         0  usenofp.o(x$fpl$usenofp)
    Region$$Table$$Base                      0x08005368   Number         0  anon$$obj.o(Region$$Table)
    Region$$Table$$Limit                     0x08005388   Number         0  anon$$obj.o(Region$$Table)
    __ctype                                  0x080053b1   Data           0  lc_ctype_c.o(locale$$data)
    a                                        0x20000000   Data           1  main.o(.data)
    bh1750_init_ok                           0x20000001   Data           1  main.o(.data)
    h                                        0x20000004   Data           4  main.o(.data)
    t                                        0x20000008   Data           4  main.o(.data)
    dht_cnt                                  0x2000000c   Data           4  main.o(.data)
    ec_value                                 0x20000010   Data           4  main.o(.data)
    temp_value                               0x20000014   Data           4  main.o(.data)
    ec_temp_cnt                              0x20000018   Data           4  main.o(.data)
    light_lux                                0x2000001c   Data           2  main.o(.data)
    upload_cnt                               0x20000020   Data           4  main.o(.data)
    req_state_cnt                            0x20000024   Data           4  main.o(.data)
    relay_target_state                       0x20000028   Data           5  main.o(.data)
    dat                                      0x2000002d   Data           5  dht11.o(.data)
    sum                                      0x20000032   Data           1  dht11.o(.data)
    usart1_rx                                0x20000048   Data           1  usart.o(.data)
    usart1_rx_flag                           0x20000049   Data           1  usart.o(.data)
    __stdout                                 0x2000004c   Data           4  usart.o(.data)
    USART1_RX_STA                            0x20000050   Data           2  usart.o(.data)
    USART2_RX_STA                            0x20000052   Data           2  usart.o(.data)
    flag                                     0x20000054   Data           1  ws2812b.o(.data)
    Color_Prar                               0x20000055   Data           3  ws2812b.o(.data)
    EC_ADC_ConvertedValue                    0x20000058   Data           2  ec_adc.o(.data)
    esp8266_cnt                              0x2000005a   Data           2  esp8266.o(.data)
    esp8266_cntPre                           0x2000005c   Data           2  esp8266.o(.data)
    esp8266_recv_len                         0x2000005e   Data           2  esp8266.o(.data)
    PixelBuf                                 0x20000060   Data          90  ws2812b.o(.bss)
    esp8266_buf                              0x200000d8   Data         256  esp8266.o(.bss)
    esp8266_recv_buf                         0x200001d8   Data         512  esp8266.o(.bss)
    __libspace_start                         0x200003d8   Data          96  libspace.o(.bss)
    __temporary_stack_top$libspace           0x20000438   Data           0  libspace.o(.bss)



==============================================================================

Memory Map of the image

  Image Entry point : 0x08000235

  Load Region LR_1 (Base: 0x08000000, Size: 0x00005514, Max: 0xffffffff, ABSOLUTE)

    Execution Region ER_RO (Base: 0x08000000, Size: 0x000054b4, Max: 0xffffffff, ABSOLUTE)

    Base Addr    Size         Type   Attr      Idx    E Section Name        Object

    0x08000000   0x000000ec   Data   RO         3906    RESET               startup_stm32f10x_md.o
    0x080000ec   0x00000008   Code   RO         3967  * !!!main             c_w.l(__main.o)
    0x080000f4   0x00000034   Code   RO         4317    !!!scatter          c_w.l(__scatter.o)
    0x08000128   0x0000001a   Code   RO         4319    !!handler_copy      c_w.l(__scatter_copy.o)
    0x08000142   0x00000002   PAD
    0x08000144   0x0000001c   Code   RO         4321    !!handler_zi        c_w.l(__scatter_zi.o)
    0x08000160   0x00000000   Code   RO         3950    .ARM.Collect$$_printf_percent$$00000000  c_w.l(_printf_percent.o)
    0x08000160   0x00000006   Code   RO         4078    .ARM.Collect$$_printf_percent$$00000001  c_w.l(_printf_n.o)
    0x08000166   0x00000006   Code   RO         4080    .ARM.Collect$$_printf_percent$$00000002  c_w.l(_printf_p.o)
    0x0800016c   0x00000006   Code   RO         3949    .ARM.Collect$$_printf_percent$$00000003  c_w.l(_printf_f.o)
    0x08000172   0x00000006   Code   RO         4084    .ARM.Collect$$_printf_percent$$00000004  c_w.l(_printf_e.o)
    0x08000178   0x00000006   Code   RO         4085    .ARM.Collect$$_printf_percent$$00000005  c_w.l(_printf_g.o)
    0x0800017e   0x00000006   Code   RO         4086    .ARM.Collect$$_printf_percent$$00000006  c_w.l(_printf_a.o)
    0x08000184   0x0000000a   Code   RO         4091    .ARM.Collect$$_printf_percent$$00000007  c_w.l(_printf_ll.o)
    0x0800018e   0x00000006   Code   RO         4082    .ARM.Collect$$_printf_percent$$00000008  c_w.l(_printf_i.o)
    0x08000194   0x00000006   Code   RO         3948    .ARM.Collect$$_printf_percent$$00000009  c_w.l(_printf_d.o)
    0x0800019a   0x00000006   Code   RO         4083    .ARM.Collect$$_printf_percent$$0000000A  c_w.l(_printf_u.o)
    0x080001a0   0x00000006   Code   RO         4081    .ARM.Collect$$_printf_percent$$0000000B  c_w.l(_printf_o.o)
    0x080001a6   0x00000006   Code   RO         4079    .ARM.Collect$$_printf_percent$$0000000C  c_w.l(_printf_x.o)
    0x080001ac   0x00000006   Code   RO         4088    .ARM.Collect$$_printf_percent$$0000000D  c_w.l(_printf_lli.o)
    0x080001b2   0x00000006   Code   RO         4089    .ARM.Collect$$_printf_percent$$0000000E  c_w.l(_printf_lld.o)
    0x080001b8   0x00000006   Code   RO         4090    .ARM.Collect$$_printf_percent$$0000000F  c_w.l(_printf_llu.o)
    0x080001be   0x00000006   Code   RO         4095    .ARM.Collect$$_printf_percent$$00000010  c_w.l(_printf_llo.o)
    0x080001c4   0x00000006   Code   RO         4096    .ARM.Collect$$_printf_percent$$00000011  c_w.l(_printf_llx.o)
    0x080001ca   0x0000000a   Code   RO         4092    .ARM.Collect$$_printf_percent$$00000012  c_w.l(_printf_l.o)
    0x080001d4   0x00000006   Code   RO         4077    .ARM.Collect$$_printf_percent$$00000013  c_w.l(_printf_c.o)
    0x080001da   0x00000006   Code   RO         3947    .ARM.Collect$$_printf_percent$$00000014  c_w.l(_printf_s.o)
    0x080001e0   0x00000006   Code   RO         4093    .ARM.Collect$$_printf_percent$$00000015  c_w.l(_printf_lc.o)
    0x080001e6   0x00000006   Code   RO         4094    .ARM.Collect$$_printf_percent$$00000016  c_w.l(_printf_ls.o)
    0x080001ec   0x00000004   Code   RO         4087    .ARM.Collect$$_printf_percent$$00000017  c_w.l(_printf_percent_end.o)
    0x080001f0   0x00000002   Code   RO         4195    .ARM.Collect$$libinit$$00000000  c_w.l(libinit.o)
    0x080001f2   0x00000000   Code   RO         4197    .ARM.Collect$$libinit$$00000002  c_w.l(libinit2.o)
    0x080001f2   0x00000000   Code   RO         4199    .ARM.Collect$$libinit$$00000004  c_w.l(libinit2.o)
    0x080001f2   0x00000000   Code   RO         4202    .ARM.Collect$$libinit$$0000000A  c_w.l(libinit2.o)
    0x080001f2   0x00000000   Code   RO         4204    .ARM.Collect$$libinit$$0000000C  c_w.l(libinit2.o)
    0x080001f2   0x00000000   Code   RO         4206    .ARM.Collect$$libinit$$0000000E  c_w.l(libinit2.o)
    0x080001f2   0x00000006   Code   RO         4207    .ARM.Collect$$libinit$$0000000F  c_w.l(libinit2.o)
    0x080001f8   0x00000000   Code   RO         4209    .ARM.Collect$$libinit$$00000011  c_w.l(libinit2.o)
    0x080001f8   0x0000000c   Code   RO         4210    .ARM.Collect$$libinit$$00000012  c_w.l(libinit2.o)
    0x08000204   0x00000000   Code   RO         4211    .ARM.Collect$$libinit$$00000013  c_w.l(libinit2.o)
    0x08000204   0x00000000   Code   RO         4213    .ARM.Collect$$libinit$$00000015  c_w.l(libinit2.o)
    0x08000204   0x0000000a   Code   RO         4214    .ARM.Collect$$libinit$$00000016  c_w.l(libinit2.o)
    0x0800020e   0x00000000   Code   RO         4215    .ARM.Collect$$libinit$$00000017  c_w.l(libinit2.o)
    0x0800020e   0x00000000   Code   RO         4217    .ARM.Collect$$libinit$$00000019  c_w.l(libinit2.o)
    0x0800020e   0x00000000   Code   RO         4219    .ARM.Collect$$libinit$$0000001B  c_w.l(libinit2.o)
    0x0800020e   0x00000000   Code   RO         4221    .ARM.Collect$$libinit$$0000001D  c_w.l(libinit2.o)
    0x0800020e   0x00000000   Code   RO         4223    .ARM.Collect$$libinit$$0000001F  c_w.l(libinit2.o)
    0x0800020e   0x00000000   Code   RO         4225    .ARM.Collect$$libinit$$00000021  c_w.l(libinit2.o)
    0x0800020e   0x00000000   Code   RO         4227    .ARM.Collect$$libinit$$00000023  c_w.l(libinit2.o)
    0x0800020e   0x00000000   Code   RO         4229    .ARM.Collect$$libinit$$00000025  c_w.l(libinit2.o)
    0x0800020e   0x00000000   Code   RO         4233    .ARM.Collect$$libinit$$0000002C  c_w.l(libinit2.o)
    0x0800020e   0x00000000   Code   RO         4235    .ARM.Collect$$libinit$$0000002E  c_w.l(libinit2.o)
    0x0800020e   0x00000000   Code   RO         4237    .ARM.Collect$$libinit$$00000030  c_w.l(libinit2.o)
    0x0800020e   0x00000000   Code   RO         4239    .ARM.Collect$$libinit$$00000032  c_w.l(libinit2.o)
    0x0800020e   0x00000002   Code   RO         4240    .ARM.Collect$$libinit$$00000033  c_w.l(libinit2.o)
    0x08000210   0x00000002   Code   RO         4268    .ARM.Collect$$libshutdown$$00000000  c_w.l(libshutdown.o)
    0x08000212   0x00000000   Code   RO         4278    .ARM.Collect$$libshutdown$$00000003  c_w.l(libshutdown2.o)
    0x08000212   0x00000000   Code   RO         4281    .ARM.Collect$$libshutdown$$00000006  c_w.l(libshutdown2.o)
    0x08000212   0x00000000   Code   RO         4284    .ARM.Collect$$libshutdown$$00000009  c_w.l(libshutdown2.o)
    0x08000212   0x00000000   Code   RO         4286    .ARM.Collect$$libshutdown$$0000000B  c_w.l(libshutdown2.o)
    0x08000212   0x00000000   Code   RO         4289    .ARM.Collect$$libshutdown$$0000000E  c_w.l(libshutdown2.o)
    0x08000212   0x00000002   Code   RO         4290    .ARM.Collect$$libshutdown$$0000000F  c_w.l(libshutdown2.o)
    0x08000214   0x00000000   Code   RO         4021    .ARM.Collect$$rtentry$$00000000  c_w.l(__rtentry.o)
    0x08000214   0x00000000   Code   RO         4114    .ARM.Collect$$rtentry$$00000002  c_w.l(__rtentry2.o)
    0x08000214   0x00000006   Code   RO         4126    .ARM.Collect$$rtentry$$00000004  c_w.l(__rtentry4.o)
    0x0800021a   0x00000000   Code   RO         4116    .ARM.Collect$$rtentry$$00000009  c_w.l(__rtentry2.o)
    0x0800021a   0x00000004   Code   RO         4117    .ARM.Collect$$rtentry$$0000000A  c_w.l(__rtentry2.o)
    0x0800021e   0x00000000   Code   RO         4119    .ARM.Collect$$rtentry$$0000000C  c_w.l(__rtentry2.o)
    0x0800021e   0x00000008   Code   RO         4120    .ARM.Collect$$rtentry$$0000000D  c_w.l(__rtentry2.o)
    0x08000226   0x00000002   Code   RO         4241    .ARM.Collect$$rtexit$$00000000  c_w.l(rtexit.o)
    0x08000228   0x00000000   Code   RO         4248    .ARM.Collect$$rtexit$$00000002  c_w.l(rtexit2.o)
    0x08000228   0x00000004   Code   RO         4249    .ARM.Collect$$rtexit$$00000003  c_w.l(rtexit2.o)
    0x0800022c   0x00000006   Code   RO         4250    .ARM.Collect$$rtexit$$00000004  c_w.l(rtexit2.o)
    0x08000232   0x00000002   PAD
    0x08000234   0x00000040   Code   RO         3907  * .text               startup_stm32f10x_md.o
    0x08000274   0x00000002   Code   RO         3913    .text               c_w.l(use_no_semi_2.o)
    0x08000276   0x00000002   PAD
    0x08000278   0x00000034   Code   RO         3915    .text               c_w.l(c89vsnprintf.o)
    0x080002ac   0x0000002c   Code   RO         3917    .text               c_w.l(__2sprintf.o)
    0x080002d8   0x00000052   Code   RO         3923    .text               c_w.l(_printf_str.o)
    0x0800032a   0x00000002   PAD
    0x0800032c   0x00000078   Code   RO         3925    .text               c_w.l(_printf_dec.o)
    0x080003a4   0x00000188   Code   RO         3944    .text               c_w.l(__printf_flags_ss_wp.o)
    0x0800052c   0x0000001a   Code   RO         3951    .text               c_w.l(atoi.o)
    0x08000546   0x00000024   Code   RO         3955    .text               c_w.l(strstr.o)
    0x0800056a   0x0000003e   Code   RO         3957    .text               c_w.l(strlen.o)
    0x080005a8   0x00000044   Code   RO         3959    .text               c_w.l(rt_memclr.o)
    0x080005ec   0x0000004e   Code   RO         3961    .text               c_w.l(rt_memclr_w.o)
    0x0800063a   0x00000056   Code   RO         3963    .text               c_w.l(strncpy.o)
    0x08000690   0x00000006   Code   RO         3965    .text               c_w.l(heapauxi.o)
    0x08000696   0x00000002   Code   RO         4019    .text               c_w.l(use_no_semi.o)
    0x08000698   0x00000008   Code   RO         4025    .text               c_w.l(rt_errno_addr_intlibspace.o)
    0x080006a0   0x0000004e   Code   RO         4027    .text               c_w.l(_printf_pad.o)
    0x080006ee   0x00000024   Code   RO         4029    .text               c_w.l(_printf_truncate.o)
    0x08000712   0x000000b2   Code   RO         4031    .text               c_w.l(_printf_intcommon.o)
    0x080007c4   0x00000028   Code   RO         4033    .text               c_w.l(_printf_charcount.o)
    0x080007ec   0x0000041a   Code   RO         4035    .text               c_w.l(_printf_fp_dec.o)
    0x08000c06   0x00000002   PAD
    0x08000c08   0x00000030   Code   RO         4037    .text               c_w.l(_printf_char_common.o)
    0x08000c38   0x0000000a   Code   RO         4039    .text               c_w.l(_sputc.o)
    0x08000c42   0x00000010   Code   RO         4041    .text               c_w.l(_snputc.o)
    0x08000c52   0x0000002c   Code   RO         4043    .text               c_w.l(_printf_char.o)
    0x08000c7e   0x00000002   PAD
    0x08000c80   0x000000bc   Code   RO         4045    .text               c_w.l(_printf_wctomb.o)
    0x08000d3c   0x0000007c   Code   RO         4048    .text               c_w.l(_printf_longlong_dec.o)
    0x08000db8   0x00000070   Code   RO         4054    .text               c_w.l(_printf_oct_int_ll.o)
    0x08000e28   0x00000094   Code   RO         4074    .text               c_w.l(_printf_hex_int_ll_ptr.o)
    0x08000ebc   0x00000070   Code   RO         4097    .text               c_w.l(strtol.o)
    0x08000f2c   0x00000008   Code   RO         4110    .text               c_w.l(libspace.o)
    0x08000f34   0x00000010   Code   RO         4128    .text               c_w.l(rt_ctype_table.o)
    0x08000f44   0x00000008   Code   RO         4133    .text               c_w.l(rt_locale_intlibspace.o)
    0x08000f4c   0x0000008a   Code   RO         4135    .text               c_w.l(lludiv10.o)
    0x08000fd6   0x00000002   PAD
    0x08000fd8   0x00000080   Code   RO         4137    .text               c_w.l(_printf_fp_infnan.o)
    0x08001058   0x0000002c   Code   RO         4141    .text               c_w.l(_printf_wchar.o)
    0x08001084   0x0000009e   Code   RO         4143    .text               c_w.l(_strtoul.o)
    0x08001122   0x00000002   PAD
    0x08001124   0x000000dc   Code   RO         4145    .text               c_w.l(bigflt0.o)
    0x08001200   0x00000040   Code   RO         4170    .text               c_w.l(_wcrtomb.o)
    0x08001240   0x0000004a   Code   RO         4179    .text               c_w.l(sys_stackheap_outer.o)
    0x0800128a   0x0000001c   Code   RO         4181    .text               c_w.l(_chval.o)
    0x080012a6   0x0000000c   Code   RO         4186    .text               c_w.l(exit.o)
    0x080012b2   0x00000002   PAD
    0x080012b4   0x00000080   Code   RO         4188    .text               c_w.l(strcmpv7m.o)
    0x08001334   0x0000003e   Code   RO         4148    CL$$btod_d2e        c_w.l(btod.o)
    0x08001372   0x00000046   Code   RO         4150    CL$$btod_d2e_denorm_low  c_w.l(btod.o)
    0x080013b8   0x00000060   Code   RO         4149    CL$$btod_d2e_norm_op1  c_w.l(btod.o)
    0x08001418   0x00000338   Code   RO         4158    CL$$btod_div_common  c_w.l(btod.o)
    0x08001750   0x000000c6   Code   RO         4155    CL$$btod_e2e        c_w.l(btod.o)
    0x08001816   0x00000028   Code   RO         4152    CL$$btod_ediv       c_w.l(btod.o)
    0x0800183e   0x00000028   Code   RO         4151    CL$$btod_emul       c_w.l(btod.o)
    0x08001866   0x00000244   Code   RO         4157    CL$$btod_mult_common  c_w.l(btod.o)
    0x08001aaa   0x00000016   Code   RO          408    i.ADC_Cmd           stm32f10x_adc.o
    0x08001ac0   0x00000016   Code   RO          409    i.ADC_DMACmd        stm32f10x_adc.o
    0x08001ad6   0x00000014   Code   RO          416    i.ADC_GetCalibrationStatus  stm32f10x_adc.o
    0x08001aea   0x00000014   Code   RO          422    i.ADC_GetResetCalibrationStatus  stm32f10x_adc.o
    0x08001afe   0x00000002   PAD
    0x08001b00   0x00000050   Code   RO          426    i.ADC_Init          stm32f10x_adc.o
    0x08001b50   0x000000b8   Code   RO          430    i.ADC_RegularChannelConfig  stm32f10x_adc.o
    0x08001c08   0x0000000a   Code   RO          431    i.ADC_ResetCalibration  stm32f10x_adc.o
    0x08001c12   0x00000016   Code   RO          433    i.ADC_SoftwareStartConvCmd  stm32f10x_adc.o
    0x08001c28   0x0000000a   Code   RO          435    i.ADC_StartCalibration  stm32f10x_adc.o
    0x08001c32   0x00000020   Code   RO         3744    i.BH1750_Init       bh1750.o
    0x08001c52   0x0000000a   Code   RO         3745    i.BH1750_Power_OFF  bh1750.o
    0x08001c5c   0x0000000a   Code   RO         3746    i.BH1750_Power_ON   bh1750.o
    0x08001c66   0x0000000a   Code   RO         3747    i.BH1750_RESET      bh1750.o
    0x08001c70   0x00000034   Code   RO         3748    i.BH1750_Read_Data  bh1750.o
    0x08001ca4   0x0000002e   Code   RO         3749    i.BH1750_WriteByte  bh1750.o
    0x08001cd2   0x00000002   PAD
    0x08001cd4   0x00000080   Code   RO           17    i.Build_HTTP_GET_Data  main.o
    0x08001d54   0x000000b0   Code   RO           18    i.Build_HTTP_POST_Data  main.o
    0x08001e04   0x00000004   Code   RO          209    i.BusFault_Handler  stm32f10x_it.o
    0x08001e08   0x0000000e   Code   RO         3480    i.Copy_Color        ws2812b.o
    0x08001e16   0x00000002   PAD
    0x08001e18   0x00000024   Code   RO          330    i.DHT11_GPIO_IN     dht11.o
    0x08001e3c   0x0000002c   Code   RO          331    i.DHT11_GPIO_OUT    dht11.o
    0x08001e68   0x000000c8   Code   RO          332    i.DHT_Read          dht11.o
    0x08001f30   0x00000074   Code   RO          333    i.DHT_Read_Byte     dht11.o
    0x08001fa4   0x00000018   Code   RO         1093    i.DMA_Cmd           stm32f10x_dma.o
    0x08001fbc   0x0000014c   Code   RO         1094    i.DMA_DeInit        stm32f10x_dma.o
    0x08002108   0x0000003c   Code   RO         1099    i.DMA_Init          stm32f10x_dma.o
    0x08002144   0x00000038   Code   RO         3586    i.DS18B20_GPIO_Config  ds18b20.o
    0x0800217c   0x0000008c   Code   RO         3587    i.DS18B20_Get_Temp  ds18b20.o
    0x08002208   0x00000010   Code   RO         3588    i.DS18B20_Init      ds18b20.o
    0x08002218   0x00000020   Code   RO         3589    i.DS18B20_Mode_IPU  ds18b20.o
    0x08002238   0x00000024   Code   RO         3590    i.DS18B20_Mode_Out_PP  ds18b20.o
    0x0800225c   0x0000005c   Code   RO         3591    i.DS18B20_Presence  ds18b20.o
    0x080022b8   0x0000003c   Code   RO         3592    i.DS18B20_Read_Bit  ds18b20.o
    0x080022f4   0x00000022   Code   RO         3593    i.DS18B20_Read_Byte  ds18b20.o
    0x08002316   0x00000002   PAD
    0x08002318   0x00000030   Code   RO         3594    i.DS18B20_Rst       ds18b20.o
    0x08002348   0x00000064   Code   RO         3596    i.DS18B20_Write_Byte  ds18b20.o
    0x080023ac   0x00000002   Code   RO          210    i.DebugMon_Handler  stm32f10x_it.o
    0x080023ae   0x00000002   PAD
    0x080023b0   0x00000024   Code   RO         3710    i.EC_ADC_GPIO_Config  ec_adc.o
    0x080023d4   0x0000000c   Code   RO         3711    i.EC_ADC_GetValue   ec_adc.o
    0x080023e0   0x0000000c   Code   RO         3712    i.EC_ADC_Init       ec_adc.o
    0x080023ec   0x000000ec   Code   RO         3713    i.EC_ADC_Mode_Config  ec_adc.o
    0x080024d8   0x0000000c   Code   RO         3653    i.EC_Sensor_GetECValue  ec_sensor.o
    0x080024e4   0x00000028   Code   RO         3655    i.EC_Sensor_Init    ec_sensor.o
    0x0800250c   0x000000f0   Code   RO         3658    i.EC_Sensor_Update  ec_sensor.o
    0x080025fc   0x00000064   Code   RO           19    i.ESP8266_Check_Conn  main.o
    0x08002660   0x0000001c   Code   RO         3846    i.ESP8266_Clear     esp8266.o
    0x0800267c   0x000001c8   Code   RO         3848    i.ESP8266_Init      esp8266.o
    0x08002844   0x0000008c   Code   RO         3849    i.ESP8266_ReceiveData  esp8266.o
    0x080028d0   0x00000088   Code   RO         3850    i.ESP8266_SendCmd   esp8266.o
    0x08002958   0x00000048   Code   RO         3851    i.ESP8266_SendData  esp8266.o
    0x080029a0   0x00000078   Code   RO           20    i.ESP8266_Send_GET_Request  main.o
    0x08002a18   0x00000034   Code   RO         3852    i.ESP8266_WaitRecive  esp8266.o
    0x08002a4c   0x00000098   Code   RO           21    i.Execute_Relay_Control  main.o
    0x08002ae4   0x00000116   Code   RO         1517    i.GPIO_Init         stm32f10x_gpio.o
    0x08002bfa   0x00000012   Code   RO         1521    i.GPIO_ReadInputDataBit  stm32f10x_gpio.o
    0x08002c0c   0x00000004   Code   RO         1524    i.GPIO_ResetBits    stm32f10x_gpio.o
    0x08002c10   0x00000004   Code   RO         1525    i.GPIO_SetBits      stm32f10x_gpio.o
    0x08002c14   0x0000000a   Code   RO         1528    i.GPIO_WriteBit     stm32f10x_gpio.o
    0x08002c1e   0x00000004   Code   RO          211    i.HardFault_Handler  stm32f10x_it.o
    0x08002c22   0x00000002   PAD
    0x08002c24   0x0000004c   Code   RO         3792    i.IIC_Ack           iic.o
    0x08002c70   0x0000002c   Code   RO         3793    i.IIC_Init          iic.o
    0x08002c9c   0x00000050   Code   RO         3794    i.IIC_NAck          iic.o
    0x08002cec   0x0000006c   Code   RO         3795    i.IIC_Read_Byte     iic.o
    0x08002d58   0x00000068   Code   RO         3796    i.IIC_Send_Byte     iic.o
    0x08002dc0   0x0000004c   Code   RO         3797    i.IIC_Start         iic.o
    0x08002e0c   0x0000004c   Code   RO         3798    i.IIC_Stop          iic.o
    0x08002e58   0x00000064   Code   RO         3799    i.IIC_Wait_Ack      iic.o
    0x08002ebc   0x00000028   Code   RO         3451    i.L9110_Fan_Init    l9110_fan.o
    0x08002ee4   0x00000018   Code   RO         3452    i.L9110_Fan_Reverse  l9110_fan.o
    0x08002efc   0x00000018   Code   RO         3453    i.L9110_Fan_Stop    l9110_fan.o
    0x08002f14   0x0000001c   Code   RO         3750    i.Light_Intensity   bh1750.o
    0x08002f30   0x00000004   Code   RO          212    i.MemManage_Handler  stm32f10x_it.o
    0x08002f34   0x00000002   Code   RO          213    i.NMI_Handler       stm32f10x_it.o
    0x08002f36   0x00000002   PAD
    0x08002f38   0x00000070   Code   RO          366    i.NVIC_Init         misc.o
    0x08002fa8   0x00000014   Code   RO          367    i.NVIC_PriorityGroupConfig  misc.o
    0x08002fbc   0x000000fc   Code   RO           22    i.Parse_Relay_State  main.o
    0x080030b8   0x00000002   Code   RO          214    i.PendSV_Handler    stm32f10x_it.o
    0x080030ba   0x00000002   PAD
    0x080030bc   0x00000018   Code   RO         1931    i.RCC_ADCCLKConfig  stm32f10x_rcc.o
    0x080030d4   0x00000020   Code   RO         1932    i.RCC_AHBPeriphClockCmd  stm32f10x_rcc.o
    0x080030f4   0x00000020   Code   RO         1933    i.RCC_APB1PeriphClockCmd  stm32f10x_rcc.o
    0x08003114   0x00000020   Code   RO         1935    i.RCC_APB2PeriphClockCmd  stm32f10x_rcc.o
    0x08003134   0x000000d4   Code   RO         1943    i.RCC_GetClocksFreq  stm32f10x_rcc.o
    0x08003208   0x00000018   Code   RO         3408    i.RELAY_1           relay.o
    0x08003220   0x00000018   Code   RO         3409    i.RELAY_2           relay.o
    0x08003238   0x00000018   Code   RO         3410    i.RELAY_3           relay.o
    0x08003250   0x00000018   Code   RO         3411    i.RELAY_4           relay.o
    0x08003268   0x00000018   Code   RO         3412    i.RELAY_5           relay.o
    0x08003280   0x000000cc   Code   RO         3413    i.RELAY_Init        relay.o
    0x0800334c   0x00000002   Code   RO          215    i.SVC_Handler       stm32f10x_it.o
    0x0800334e   0x00000008   Code   RO          272    i.SetSysClock       system_stm32f10x.o
    0x08003356   0x00000002   PAD
    0x08003358   0x000000e0   Code   RO          273    i.SetSysClockTo72   system_stm32f10x.o
    0x08003438   0x00000002   Code   RO          216    i.SysTick_Handler   stm32f10x_it.o
    0x0800343a   0x00000002   PAD
    0x0800343c   0x00000060   Code   RO          275    i.SystemInit        system_stm32f10x.o
    0x0800349c   0x00000016   Code   RO           23    i.System_Clock_Init  main.o
    0x080034b2   0x00000002   PAD
    0x080034b4   0x00000040   Code   RO         3339    i.USART1_IRQHandler  usart.o
    0x080034f4   0x000000a0   Code   RO         3340    i.USART1_Init       usart.o
    0x08003594   0x00000058   Code   RO         3341    i.USART1_printf     usart.o
    0x080035ec   0x0000004c   Code   RO         3853    i.USART2_IRQHandler  esp8266.o
    0x08003638   0x000000ac   Code   RO         3342    i.USART2_Init       usart.o
    0x080036e4   0x00000012   Code   RO         3099    i.USART_ClearFlag   stm32f10x_usart.o
    0x080036f6   0x0000001e   Code   RO         3100    i.USART_ClearITPendingBit  stm32f10x_usart.o
    0x08003714   0x00000018   Code   RO         3103    i.USART_Cmd         stm32f10x_usart.o
    0x0800372c   0x0000001a   Code   RO         3106    i.USART_GetFlagStatus  stm32f10x_usart.o
    0x08003746   0x00000054   Code   RO         3107    i.USART_GetITStatus  stm32f10x_usart.o
    0x0800379a   0x0000004a   Code   RO         3109    i.USART_ITConfig    stm32f10x_usart.o
    0x080037e4   0x000000d8   Code   RO         3110    i.USART_Init        stm32f10x_usart.o
    0x080038bc   0x0000000a   Code   RO         3117    i.USART_ReceiveData  stm32f10x_usart.o
    0x080038c6   0x00000008   Code   RO         3120    i.USART_SendData    stm32f10x_usart.o
    0x080038ce   0x00000004   Code   RO          217    i.UsageFault_Handler  stm32f10x_it.o
    0x080038d2   0x00000032   Code   RO         3344    i.Usart_SendString  usart.o
    0x08003904   0x00000020   Code   RO         3488    i.WS2812B_All_White  ws2812b.o
    0x08003924   0x00000040   Code   RO         3490    i.WS2812B_FillColor  ws2812b.o
    0x08003964   0x00000034   Code   RO         3491    i.WS2812B_Init      ws2812b.o
    0x08003998   0x00000024   Code   RO         3492    i.WS2812B_RefreshPixel  ws2812b.o
    0x080039bc   0x00000018   Code   RO         3493    i.WS2812B_Reset     ws2812b.o
    0x080039d4   0x0000048e   Code   RO         3494    i.WS2812B_WriteByte  ws2812b.o
    0x08003e62   0x00000018   Code   RO         3495    i.WS2812B_WriteColor  ws2812b.o
    0x08003e7a   0x00000028   Code   RO         4177    i.__ARM_fpclassify  m_ws.l(fpclassify.o)
    0x08003ea2   0x0000000e   Code   RO         3937    i._is_digit         c_w.l(__printf_wp.o)
    0x08003eb0   0x00000004   Code   RO         3345    i._sys_exit         usart.o
    0x08003eb4   0x0000001a   Code   RO          306    i.delay_ms          delay.o
    0x08003ece   0x0000002e   Code   RO          308    i.delay_us          delay.o
    0x08003efc   0x00000338   Code   RO           24    i.main              main.o
    0x08004234   0x0000002c   Code   RO         4173    locale$$code        c_w.l(lc_numeric_c.o)
    0x08004260   0x0000002c   Code   RO         4184    locale$$code        c_w.l(lc_ctype_c.o)
    0x0800428c   0x00000062   Code   RO         3969    x$fpl$d2f           fz_ws.l(d2f.o)
    0x080042ee   0x00000002   PAD
    0x080042f0   0x00000150   Code   RO         3971    x$fpl$dadd          fz_ws.l(daddsub_clz.o)
    0x08004440   0x000002b0   Code   RO         3978    x$fpl$ddiv          fz_ws.l(ddiv.o)
    0x080046f0   0x0000002e   Code   RO         3982    x$fpl$dflt          fz_ws.l(dflt_clz.o)
    0x0800471e   0x00000026   Code   RO         3981    x$fpl$dfltu         fz_ws.l(dflt_clz.o)
    0x08004744   0x00000154   Code   RO         3987    x$fpl$dmul          fz_ws.l(dmul.o)
    0x08004898   0x0000009c   Code   RO         4099    x$fpl$dnaninf       fz_ws.l(dnaninf.o)
    0x08004934   0x0000000c   Code   RO         4101    x$fpl$dretinf       fz_ws.l(dretinf.o)
    0x08004940   0x000001d4   Code   RO         3973    x$fpl$dsub          fz_ws.l(daddsub_clz.o)
    0x08004b14   0x00000056   Code   RO         3989    x$fpl$f2d           fz_ws.l(f2d.o)
    0x08004b6a   0x00000002   PAD
    0x08004b6c   0x000000c4   Code   RO         3991    x$fpl$fadd          fz_ws.l(faddsub_clz.o)
    0x08004c30   0x00000018   Code   RO         4103    x$fpl$fcmpinf       fz_ws.l(fcmpi.o)
    0x08004c48   0x00000184   Code   RO         3998    x$fpl$fdiv          fz_ws.l(fdiv.o)
    0x08004dcc   0x0000003e   Code   RO         4001    x$fpl$ffixu         fz_ws.l(ffixu.o)
    0x08004e0a   0x00000002   PAD
    0x08004e0c   0x00000026   Code   RO         4005    x$fpl$ffltu         fz_ws.l(fflt_clz.o)
    0x08004e32   0x00000002   PAD
    0x08004e34   0x00000068   Code   RO         4011    x$fpl$fleqf         fz_ws.l(fleqf.o)
    0x08004e9c   0x00000102   Code   RO         4013    x$fpl$fmul          fz_ws.l(fmul.o)
    0x08004f9e   0x0000008c   Code   RO         4105    x$fpl$fnaninf       fz_ws.l(fnaninf.o)
    0x0800502a   0x0000000a   Code   RO         4107    x$fpl$fretinf       fz_ws.l(fretinf.o)
    0x08005034   0x00000062   Code   RO         4015    x$fpl$frleqf        fz_ws.l(frleqf.o)
    0x08005096   0x00000002   PAD
    0x08005098   0x000000ea   Code   RO         3993    x$fpl$fsub          fz_ws.l(faddsub_clz.o)
    0x08005182   0x00000004   Code   RO         4017    x$fpl$printf1       fz_ws.l(printf1.o)
    0x08005186   0x00000000   Code   RO         4109    x$fpl$usenofp       fz_ws.l(usenofp.o)
    0x08005186   0x00000011   Data   RO         3945    .constdata          c_w.l(__printf_flags_ss_wp.o)
    0x08005197   0x00000001   PAD
    0x08005198   0x00000008   Data   RO         4046    .constdata          c_w.l(_printf_wctomb.o)
    0x080051a0   0x00000028   Data   RO         4075    .constdata          c_w.l(_printf_hex_int_ll_ptr.o)
    0x080051c8   0x00000094   Data   RO         4146    .constdata          c_w.l(bigflt0.o)
    0x0800525c   0x0000010a   Data   RO           25    .conststring        main.o
    0x08005366   0x00000002   PAD
    0x08005368   0x00000020   Data   RO         4315    Region$$Table       anon$$obj.o
    0x08005388   0x0000001c   Data   RO         4172    locale$$data        c_w.l(lc_numeric_c.o)
    0x080053a4   0x00000110   Data   RO         4183    locale$$data        c_w.l(lc_ctype_c.o)


    Execution Region ER_RW (Base: 0x20000000, Size: 0x00000060, Max: 0xffffffff, ABSOLUTE)

    Base Addr    Size         Type   Attr      Idx    E Section Name        Object

    0x20000000   0x0000002d   Data   RW           26    .data               main.o
    0x2000002d   0x00000006   Data   RW          334    .data               dht11.o
    0x20000033   0x00000014   Data   RW         1963    .data               stm32f10x_rcc.o
    0x20000047   0x00000001   PAD
    0x20000048   0x0000000c   Data   RW         3348    .data               usart.o
    0x20000054   0x00000004   Data   RW         3497    .data               ws2812b.o
    0x20000058   0x00000002   Data   RW         3714    .data               ec_adc.o
    0x2000005a   0x00000006   Data   RW         3855    .data               esp8266.o


    Execution Region ER_ZI (Base: 0x20000060, Size: 0x000009d8, Max: 0xffffffff, ABSOLUTE)

    Base Addr    Size         Type   Attr      Idx    E Section Name        Object

    0x20000060   0x0000005a   Zero   RW         3496    .bss                ws2812b.o
    0x200000ba   0x00000002   PAD
    0x200000bc   0x0000001c   Zero   RW         3659    .bss                ec_sensor.o
    0x200000d8   0x00000300   Zero   RW         3854    .bss                esp8266.o
    0x200003d8   0x00000060   Zero   RW         4111    .bss                c_w.l(libspace.o)
    0x20000438   0x00000200   Zero   RW         3905    HEAP                startup_stm32f10x_md.o
    0x20000638   0x00000400   Zero   RW         3904    STACK               startup_stm32f10x_md.o


==============================================================================

Image component sizes


      Code (inc. data)   RO Data    RW Data    ZI Data      Debug   Object Name

       188          6          0          0          0       3386   bh1750.o
         0          0          0          0          0       4544   core_cm3.o
        72          0          0          0          0        950   delay.o
       396         28          0          6          0       2854   dht11.o
       614         40          0          0          0       5151   ds18b20.o
       296         22          0          2          0       2552   ec_adc.o
       292         46          0          0         28       1859   ec_sensor.o
       960        360          0          6        768       5198   esp8266.o
       664         96          0          0          0       4070   iic.o
        88         14          0          0          0       1414   l9110_fan.o
      1774        712        266         45          0     252352   main.o
       132         22          0          0          0       1459   misc.o
       324         40          0          0          0       2911   relay.o
        64         26        236          0       1536        828   startup_stm32f10x_md.o
       390         10          0          0          0       7113   stm32f10x_adc.o
       416          8          0          0          0       3322   stm32f10x_dma.o
       314          0          0          0          0       4068   stm32f10x_gpio.o
        26          0          0          0          0       3618   stm32f10x_it.o
       332         44          0         20          0       5389   stm32f10x_rcc.o
       490          6          0          0          0       7065   stm32f10x_usart.o
       328         28          0          0          0       1773   system_stm32f10x.o
       538         38          0         12          0       6274   usart.o
      1412         26          0          4         90       5219   ws2812b.o

    ----------------------------------------------------------------------
     10132       1572        536         96       2424     333369   Object Totals
         0          0         32          0          0          0   (incl. Generated)
        22          0          2          1          2          0   (incl. Padding)

    ----------------------------------------------------------------------

      Code (inc. data)   RO Data    RW Data    ZI Data      Debug   Library Member Name

        44          6          0          0          0         84   __2sprintf.o
         8          0          0          0          0         68   __main.o
       392          4         17          0          0         92   __printf_flags_ss_wp.o
        14          0          0          0          0         68   __printf_wp.o
         0          0          0          0          0          0   __rtentry.o
        12          0          0          0          0          0   __rtentry2.o
         6          0          0          0          0          0   __rtentry4.o
        52          8          0          0          0          0   __scatter.o
        26          0          0          0          0          0   __scatter_copy.o
        28          0          0          0          0          0   __scatter_zi.o
        28          0          0          0          0         68   _chval.o
         6          0          0          0          0          0   _printf_a.o
         6          0          0          0          0          0   _printf_c.o
        44          0          0          0          0        108   _printf_char.o
        48          6          0          0          0         96   _printf_char_common.o
        40          0          0          0          0         68   _printf_charcount.o
         6          0          0          0          0          0   _printf_d.o
       120         16          0          0          0         92   _printf_dec.o
         6          0          0          0          0          0   _printf_e.o
         6          0          0          0          0          0   _printf_f.o
      1050          0          0          0          0        216   _printf_fp_dec.o
       128         16          0          0          0         84   _printf_fp_infnan.o
         6          0          0          0          0          0   _printf_g.o
       148          4         40          0          0        160   _printf_hex_int_ll_ptr.o
         6          0          0          0          0          0   _printf_i.o
       178          0          0          0          0         88   _printf_intcommon.o
        10          0          0          0          0          0   _printf_l.o
         6          0          0          0          0          0   _printf_lc.o
        10          0          0          0          0          0   _printf_ll.o
         6          0          0          0          0          0   _printf_lld.o
         6          0          0          0          0          0   _printf_lli.o
         6          0          0          0          0          0   _printf_llo.o
         6          0          0          0          0          0   _printf_llu.o
         6          0          0          0          0          0   _printf_llx.o
       124         16          0          0          0         92   _printf_longlong_dec.o
         6          0          0          0          0          0   _printf_ls.o
         6          0          0          0          0          0   _printf_n.o
         6          0          0          0          0          0   _printf_o.o
       112          8          0          0          0        124   _printf_oct_int_ll.o
         6          0          0          0          0          0   _printf_p.o
        78          0          0          0          0        108   _printf_pad.o
         0          0          0          0          0          0   _printf_percent.o
         4          0          0          0          0          0   _printf_percent_end.o
         6          0          0          0          0          0   _printf_s.o
        82          0          0          0          0         80   _printf_str.o
        36          0          0          0          0         84   _printf_truncate.o
         6          0          0          0          0          0   _printf_u.o
        44          0          0          0          0        108   _printf_wchar.o
       188          6          8          0          0         92   _printf_wctomb.o
         6          0          0          0          0          0   _printf_x.o
        16          0          0          0          0         68   _snputc.o
        10          0          0          0          0         68   _sputc.o
       158          0          0          0          0         92   _strtoul.o
        64          0          0          0          0         92   _wcrtomb.o
        26          0          0          0          0         80   atoi.o
       220          4        148          0          0         96   bigflt0.o
      1910        128          0          0          0        672   btod.o
        52          4          0          0          0         80   c89vsnprintf.o
        12          0          0          0          0         72   exit.o
         6          0          0          0          0        152   heapauxi.o
        44         10        272          0          0         76   lc_ctype_c.o
        44         10         28          0          0         76   lc_numeric_c.o
         2          0          0          0          0          0   libinit.o
        30          0          0          0          0          0   libinit2.o
         2          0          0          0          0          0   libshutdown.o
         2          0          0          0          0          0   libshutdown2.o
         8          4          0          0         96         68   libspace.o
       138          0          0          0          0         80   lludiv10.o
        16          4          0          0          0         76   rt_ctype_table.o
         8          4          0          0          0         68   rt_errno_addr_intlibspace.o
         8          4          0          0          0         68   rt_locale_intlibspace.o
        68          0          0          0          0         68   rt_memclr.o
        78          0          0          0          0         80   rt_memclr_w.o
         2          0          0          0          0          0   rtexit.o
        10          0          0          0          0          0   rtexit2.o
       128          0          0          0          0         68   strcmpv7m.o
        62          0          0          0          0         76   strlen.o
        86          0          0          0          0         76   strncpy.o
        36          0          0          0          0         80   strstr.o
       112          0          0          0          0         88   strtol.o
        74          0          0          0          0         80   sys_stackheap_outer.o
         2          0          0          0          0         68   use_no_semi.o
         2          0          0          0          0         68   use_no_semi_2.o
        98          4          0          0          0         92   d2f.o
       804         16          0          0          0        272   daddsub_clz.o
       688        140          0          0          0        208   ddiv.o
        84          0          0          0          0        136   dflt_clz.o
       340         12          0          0          0        104   dmul.o
       156          4          0          0          0         92   dnaninf.o
        12          0          0          0          0         68   dretinf.o
        86          4          0          0          0         84   f2d.o
       430          8          0          0          0        168   faddsub_clz.o
        24          0          0          0          0         68   fcmpi.o
       388         76          0          0          0         96   fdiv.o
        62          4          0          0          0         84   ffixu.o
        38          0          0          0          0         68   fflt_clz.o
       104          4          0          0          0         84   fleqf.o
       258          4          0          0          0         84   fmul.o
       140          4          0          0          0         84   fnaninf.o
        10          0          0          0          0         68   fretinf.o
        98          0          0          0          0         68   frleqf.o
         4          0          0          0          0         68   printf1.o
         0          0          0          0          0          0   usenofp.o
        40          0          0          0          0         68   fpclassify.o

    ----------------------------------------------------------------------
     10502        542        514          0         96       6780   Library Totals
        28          0          1          0          0          0   (incl. Padding)

    ----------------------------------------------------------------------

      Code (inc. data)   RO Data    RW Data    ZI Data      Debug   Library Name

      6610        262        513          0         96       4716   c_w.l
      3824        280          0          0          0       1996   fz_ws.l
        40          0          0          0          0         68   m_ws.l

    ----------------------------------------------------------------------
     10502        542        514          0         96       6780   Library Totals

    ----------------------------------------------------------------------

==============================================================================


      Code (inc. data)   RO Data    RW Data    ZI Data      Debug   

     20634       2114       1050         96       2520     330265   Grand Totals
     20634       2114       1050         96       2520     330265   ELF Image Totals
     20634       2114       1050         96          0          0   ROM Totals

==============================================================================

    Total RO  Size (Code + RO Data)                21684 (  21.18kB)
    Total RW  Size (RW Data + ZI Data)              2616 (   2.55kB)
    Total ROM Size (Code + RO Data + RW Data)      21780 (  21.27kB)

==============================================================================

